Dec 13 15:00:01 localhost audit: USER_ACCT pid=10536 uid=0 auid=4294967295 ses=4294967295 msg='op=PAM:accounting grantors=pam_access,pam_unix acct="lampedo" exe="/usr/sbin/crond" hostname=? addr=? terminal=cron res=success'
Dec 13 15:00:01 localhost systemd: Started Session 8 of user lampedo.
Dec 13 15:00:01 localhost audit: CRED_ACQ pid=10536 uid=0 auid=4294967295 ses=4294967295 msg='op=PAM:setcred grantors=pam_env,pam_unix acct="lampedo" exe="/usr/sbin/crond" hostname=? addr=? terminal=cron res=success'
Dec 13 15:00:01 localhost systemd: Starting Session 8 of user lampedo.
Dec 13 15:00:01 localhost audit: USER_START pid=10536 uid=0 auid=1000 ses=8 msg='op=PAM:session_open grantors=pam_loginuid,pam_keyinit,pam_limits,pam_systemd acct="lampedo" exe="/usr/sbin/crond" hostname=? addr=? terminal=cron res=success'
Dec 13 15:00:01 localhost audit: CRED_REFR pid=10536 uid=0 auid=1000 ses=8 msg='op=PAM:setcred grantors=pam_env,pam_unix acct="lampedo" exe="/usr/sbin/crond" hostname=? addr=? terminal=cron res=success'
Dec 13 15:00:01 localhost audit: CRED_DISP pid=10536 uid=0 auid=1000 ses=8 msg='op=PAM:setcred grantors=pam_env,pam_unix acct="lampedo" exe="/usr/sbin/crond" hostname=? addr=? terminal=cron res=success'
Dec 13 15:00:01 localhost audit: USER_END pid=10536 uid=0 auid=1000 ses=8 msg='op=PAM:session_close grantors=pam_loginuid,pam_keyinit,pam_limits,pam_systemd acct="lampedo" exe="/usr/sbin/crond" hostname=? addr=? terminal=cron res=success'
Dec 13 15:14:46 localhost cupsd: REQUEST localhost - - "POST / HTTP/1.1" 200 186 Renew-Subscription successful-ok
Dec 13 15:15:01 localhost audit: USER_ACCT pid=11437 uid=0 auid=4294967295 ses=4294967295 msg='op=PAM:accounting grantors=pam_access,pam_unix acct="lampedo" exe="/usr/sbin/crond" hostname=? addr=? terminal=cron res=success'
Dec 13 15:15:01 localhost audit: CRED_ACQ pid=11437 uid=0 auid=4294967295 ses=4294967295 msg='op=PAM:setcred grantors=pam_env,pam_unix acct="lampedo" exe="/usr/sbin/crond" hostname=? addr=? terminal=cron res=success'
Dec 13 15:15:01 localhost systemd: Started Session 9 of user lampedo.
Dec 13 15:15:01 localhost systemd: Starting Session 9 of user lampedo.
Dec 13 15:15:01 localhost audit: USER_START pid=11437 uid=0 auid=1000 ses=9 msg='op=PAM:session_open grantors=pam_loginuid,pam_keyinit,pam_limits,pam_systemd acct="lampedo" exe="/usr/sbin/crond" hostname=? addr=? terminal=cron res=success'
Dec 13 15:15:01 localhost audit: CRED_REFR pid=11437 uid=0 auid=1000 ses=9 msg='op=PAM:setcred grantors=pam_env,pam_unix acct="lampedo" exe="/usr/sbin/crond" hostname=? addr=? terminal=cron res=success'
Dec 13 15:15:02 localhost audit: CRED_DISP pid=11437 uid=0 auid=1000 ses=9 msg='op=PAM:setcred grantors=pam_env,pam_unix acct="lampedo" exe="/usr/sbin/crond" hostname=? addr=? terminal=cron res=success'
Dec 13 15:15:02 localhost audit: USER_END pid=11437 uid=0 auid=1000 ses=9 msg='op=PAM:session_close grantors=pam_loginuid,pam_keyinit,pam_limits,pam_systemd acct="lampedo" exe="/usr/sbin/crond" hostname=? addr=? terminal=cron res=success'
Dec 13 15:16:18 localhost chronyd[915]: Source 2001:470:b141:2::10 replaced with 2620:10a:800f::12
Dec 13 15:25:18 localhost systemd: Starting dnf makecache...
Dec 13 15:25:19 localhost dnf: Metadata cache refreshed recently.
Dec 13 15:25:19 localhost systemd: Started dnf makecache.
Dec 13 15:25:19 localhost audit: SERVICE_START pid=1 uid=0 auid=4294967295 ses=4294967295 msg='unit=dnf-makecache comm="systemd" exe="/usr/lib/systemd/systemd" hostname=? addr=? terminal=? res=success'
Dec 13 15:25:19 localhost audit: SERVICE_STOP pid=1 uid=0 auid=4294967295 ses=4294967295 msg='unit=dnf-makecache comm="systemd" exe="/usr/lib/systemd/systemd" hostname=? addr=? terminal=? res=success'
Dec 13 15:28:34 localhost upowerd: (upowerd:1962): UPower-Linux-WARNING **: energy 62.160000 bigger than full 15.195900
Dec 13 15:30:02 localhost audit: USER_ACCT pid=12361 uid=0 auid=4294967295 ses=4294967295 msg='op=PAM:accounting grantors=pam_access,pam_unix acct="lampedo" exe="/usr/sbin/crond" hostname=? addr=? terminal=cron res=success'
Dec 13 15:30:02 localhost audit: CRED_ACQ pid=12361 uid=0 auid=4294967295 ses=4294967295 msg='op=PAM:setcred grantors=pam_env,pam_unix acct="lampedo" exe="/usr/sbin/crond" hostname=? addr=? terminal=cron res=success'
Dec 13 15:30:02 localhost systemd: Started Session 10 of user lampedo.
Dec 13 15:30:02 localhost audit: USER_START pid=12361 uid=0 auid=1000 ses=10 msg='op=PAM:session_open grantors=pam_loginuid,pam_keyinit,pam_limits,pam_systemd acct="lampedo" exe="/usr/sbin/crond" hostname=? addr=? terminal=cron res=success'
Dec 13 15:30:02 localhost audit: CRED_REFR pid=12361 uid=0 auid=1000 ses=10 msg='op=PAM:setcred grantors=pam_env,pam_unix acct="lampedo" exe="/usr/sbin/crond" hostname=? addr=? terminal=cron res=success'
Dec 13 15:30:02 localhost systemd: Starting Session 10 of user lampedo.
Dec 13 15:30:02 localhost audit: CRED_DISP pid=12361 uid=0 auid=1000 ses=10 msg='op=PAM:setcred grantors=pam_env,pam_unix acct="lampedo" exe="/usr/sbin/crond" hostname=? addr=? terminal=cron res=success'
Dec 13 15:30:02 localhost audit: USER_END pid=12361 uid=0 auid=1000 ses=10 msg='op=PAM:session_close grantors=pam_loginuid,pam_keyinit,pam_limits,pam_systemd acct="lampedo" exe="/usr/sbin/crond" hostname=? addr=? terminal=cron res=success'
Dec 13 15:45:01 localhost audit: USER_ACCT pid=13232 uid=0 auid=4294967295 ses=4294967295 msg='op=PAM:accounting grantors=pam_access,pam_unix acct="lampedo" exe="/usr/sbin/crond" hostname=? addr=? terminal=cron res=success'
Dec 13 15:45:01 localhost systemd: Started Session 11 of user lampedo.
Dec 13 15:45:01 localhost audit: CRED_ACQ pid=13232 uid=0 auid=4294967295 ses=4294967295 msg='op=PAM:setcred grantors=pam_env,pam_unix acct="lampedo" exe="/usr/sbin/crond" hostname=? addr=? terminal=cron res=success'
Dec 13 15:45:01 localhost systemd: Starting Session 11 of user lampedo.
Dec 13 15:45:01 localhost audit: USER_START pid=13232 uid=0 auid=1000 ses=11 msg='op=PAM:session_open grantors=pam_loginuid,pam_keyinit,pam_limits,pam_systemd acct="lampedo" exe="/usr/sbin/crond" hostname=? addr=? terminal=cron res=success'
Dec 13 15:45:01 localhost audit: CRED_REFR pid=13232 uid=0 auid=1000 ses=11 msg='op=PAM:setcred grantors=pam_env,pam_unix acct="lampedo" exe="/usr/sbin/crond" hostname=? addr=? terminal=cron res=success'
Dec 13 15:45:01 localhost audit: CRED_DISP pid=13232 uid=0 auid=1000 ses=11 msg='op=PAM:setcred grantors=pam_env,pam_unix acct="lampedo" exe="/usr/sbin/crond" hostname=? addr=? terminal=cron res=success'
Dec 13 15:45:01 localhost audit: USER_END pid=13232 uid=0 auid=1000 ses=11 msg='op=PAM:session_close grantors=pam_loginuid,pam_keyinit,pam_limits,pam_systemd acct="lampedo" exe="/usr/sbin/crond" hostname=? addr=? terminal=cron res=success'
Dec 13 15:46:11 localhost chronyd[915]: Source 2620:10a:800f::12 replaced with 192.99.2.8
Dec 13 16:00:01 localhost audit: USER_ACCT pid=14162 uid=0 auid=4294967295 ses=4294967295 msg='op=PAM:accounting grantors=pam_access,pam_unix acct="lampedo" exe="/usr/sbin/crond" hostname=? addr=? terminal=cron res=success'
Dec 13 16:00:01 localhost systemd: Started Session 12 of user lampedo.
Dec 13 16:00:01 localhost audit: CRED_ACQ pid=14162 uid=0 auid=4294967295 ses=4294967295 msg='op=PAM:setcred grantors=pam_env,pam_unix acct="lampedo" exe="/usr/sbin/crond" hostname=? addr=? terminal=cron res=success'
Dec 13 16:00:01 localhost systemd: Starting Session 12 of user lampedo.
Dec 13 16:00:01 localhost audit: USER_START pid=14162 uid=0 auid=1000 ses=12 msg='op=PAM:session_open grantors=pam_loginuid,pam_keyinit,pam_limits,pam_systemd acct="lampedo" exe="/usr/sbin/crond" hostname=? addr=? terminal=cron res=success'
Dec 13 16:00:01 localhost audit: CRED_REFR pid=14162 uid=0 auid=1000 ses=12 msg='op=PAM:setcred grantors=pam_env,pam_unix acct="lampedo" exe="/usr/sbin/crond" hostname=? addr=? terminal=cron res=success'
Dec 13 16:00:01 localhost audit: CRED_DISP pid=14162 uid=0 auid=1000 ses=12 msg='op=PAM:setcred grantors=pam_env,pam_unix acct="lampedo" exe="/usr/sbin/crond" hostname=? addr=? terminal=cron res=success'
Dec 13 16:00:01 localhost audit: USER_END pid=14162 uid=0 auid=1000 ses=12 msg='op=PAM:session_close grantors=pam_loginuid,pam_keyinit,pam_limits,pam_systemd acct="lampedo" exe="/usr/sbin/crond" hostname=? addr=? terminal=cron res=success'
Dec 13 16:13:06 localhost cupsd: REQUEST localhost - - "POST / HTTP/1.1" 200 186 Renew-Subscription successful-ok
Dec 13 16:15:01 localhost audit: USER_ACCT pid=15084 uid=0 auid=4294967295 ses=4294967295 msg='op=PAM:accounting grantors=pam_access,pam_unix acct="lampedo" exe="/usr/sbin/crond" hostname=? addr=? terminal=cron res=success'
Dec 13 16:15:01 localhost audit: CRED_ACQ pid=15084 uid=0 auid=4294967295 ses=4294967295 msg='op=PAM:setcred grantors=pam_env,pam_unix acct="lampedo" exe="/usr/sbin/crond" hostname=? addr=? terminal=cron res=success'
Dec 13 16:15:01 localhost systemd: Started Session 13 of user lampedo.
Dec 13 16:15:01 localhost systemd: Starting Session 13 of user lampedo.
Dec 13 16:15:01 localhost audit: USER_START pid=15084 uid=0 auid=1000 ses=13 msg='op=PAM:session_open grantors=pam_loginuid,pam_keyinit,pam_limits,pam_systemd acct="lampedo" exe="/usr/sbin/crond" hostname=? addr=? terminal=cron res=success'
Dec 13 16:15:01 localhost audit: CRED_REFR pid=15084 uid=0 auid=1000 ses=13 msg='op=PAM:setcred grantors=pam_env,pam_unix acct="lampedo" exe="/usr/sbin/crond" hostname=? addr=? terminal=cron res=success'
Dec 13 16:15:01 localhost audit: CRED_DISP pid=15084 uid=0 auid=1000 ses=13 msg='op=PAM:setcred grantors=pam_env,pam_unix acct="lampedo" exe="/usr/sbin/crond" hostname=? addr=? terminal=cron res=success'
Dec 13 16:15:01 localhost audit: USER_END pid=15084 uid=0 auid=1000 ses=13 msg='op=PAM:session_close grantors=pam_loginuid,pam_keyinit,pam_limits,pam_systemd acct="lampedo" exe="/usr/sbin/crond" hostname=? addr=? terminal=cron res=success'
Dec 13 16:16:05 localhost chronyd[915]: Source 2607:5300:60:92e7::1 replaced with 2607:4100:2:ff::2
Dec 13 16:25:19 localhost systemd: Starting dnf makecache...
Dec 13 16:25:20 localhost dnf: Metadata cache created.
Dec 13 16:25:20 localhost systemd: Started dnf makecache.
Dec 13 16:25:20 localhost audit: SERVICE_START pid=1 uid=0 auid=4294967295 ses=4294967295 msg='unit=dnf-makecache comm="systemd" exe="/usr/lib/systemd/systemd" hostname=? addr=? terminal=? res=success'
Dec 13 16:25:20 localhost audit: SERVICE_STOP pid=1 uid=0 auid=4294967295 ses=4294967295 msg='unit=dnf-makecache comm="systemd" exe="/usr/lib/systemd/systemd" hostname=? addr=? terminal=? res=success'
Dec 13 16:30:01 localhost audit: USER_ACCT pid=16015 uid=0 auid=4294967295 ses=4294967295 msg='op=PAM:accounting grantors=pam_access,pam_unix acct="lampedo" exe="/usr/sbin/crond" hostname=? addr=? terminal=cron res=success'
Dec 13 16:30:01 localhost audit: CRED_ACQ pid=16015 uid=0 auid=4294967295 ses=4294967295 msg='op=PAM:setcred grantors=pam_env,pam_unix acct="lampedo" exe="/usr/sbin/crond" hostname=? addr=? terminal=cron res=success'
Dec 13 16:30:01 localhost systemd: Started Session 14 of user lampedo.
Dec 13 16:30:01 localhost systemd: Starting Session 14 of user lampedo.
Dec 13 16:30:01 localhost audit: USER_START pid=16015 uid=0 auid=1000 ses=14 msg='op=PAM:session_open grantors=pam_loginuid,pam_keyinit,pam_limits,pam_systemd acct="lampedo" exe="/usr/sbin/crond" hostname=? addr=? terminal=cron res=success'
Dec 13 16:30:01 localhost audit: CRED_REFR pid=16015 uid=0 auid=1000 ses=14 msg='op=PAM:setcred grantors=pam_env,pam_unix acct="lampedo" exe="/usr/sbin/crond" hostname=? addr=? terminal=cron res=success'
Dec 13 16:30:01 localhost audit: CRED_DISP pid=16015 uid=0 auid=1000 ses=14 msg='op=PAM:setcred grantors=pam_env,pam_unix acct="lampedo" exe="/usr/sbin/crond" hostname=? addr=? terminal=cron res=success'
Dec 13 16:30:01 localhost audit: USER_END pid=16015 uid=0 auid=1000 ses=14 msg='op=PAM:session_close grantors=pam_loginuid,pam_keyinit,pam_limits,pam_systemd acct="lampedo" exe="/usr/sbin/crond" hostname=? addr=? terminal=cron res=success'
Dec 13 16:45:01 localhost audit: USER_ACCT pid=16965 uid=0 auid=4294967295 ses=4294967295 msg='op=PAM:accounting grantors=pam_access,pam_unix acct="lampedo" exe="/usr/sbin/crond" hostname=? addr=? terminal=cron res=success'
Dec 13 16:45:01 localhost systemd: Started Session 15 of user lampedo.
Dec 13 16:45:01 localhost audit: CRED_ACQ pid=16965 uid=0 auid=4294967295 ses=4294967295 msg='op=PAM:setcred grantors=pam_env,pam_unix acct="lampedo" exe="/usr/sbin/crond" hostname=? addr=? terminal=cron res=success'
Dec 13 16:45:01 localhost systemd: Starting Session 15 of user lampedo.
Dec 13 16:45:01 localhost audit: USER_START pid=16965 uid=0 auid=1000 ses=15 msg='op=PAM:session_open grantors=pam_loginuid,pam_keyinit,pam_limits,pam_systemd acct="lampedo" exe="/usr/sbin/crond" hostname=? addr=? terminal=cron res=success'
Dec 13 16:45:01 localhost audit: CRED_REFR pid=16965 uid=0 auid=1000 ses=15 msg='op=PAM:setcred grantors=pam_env,pam_unix acct="lampedo" exe="/usr/sbin/crond" hostname=? addr=? terminal=cron res=success'
Dec 13 16:45:01 localhost audit: CRED_DISP pid=16965 uid=0 auid=1000 ses=15 msg='op=PAM:setcred grantors=pam_env,pam_unix acct="lampedo" exe="/usr/sbin/crond" hostname=? addr=? terminal=cron res=success'
Dec 13 16:45:01 localhost audit: USER_END pid=16965 uid=0 auid=1000 ses=15 msg='op=PAM:session_close grantors=pam_loginuid,pam_keyinit,pam_limits,pam_systemd acct="lampedo" exe="/usr/sbin/crond" hostname=? addr=? terminal=cron res=success'
Dec 13 16:45:58 localhost chronyd[915]: Source 2607:4100:2:ff::2 replaced with 2620:10a:800f::13
Dec 13 17:00:01 localhost audit: USER_ACCT pid=17872 uid=0 auid=4294967295 ses=4294967295 msg='op=PAM:accounting grantors=pam_access,pam_unix acct="lampedo" exe="/usr/sbin/crond" hostname=? addr=? terminal=cron res=success'
Dec 13 17:00:01 localhost systemd: Started Session 16 of user lampedo.
Dec 13 17:00:01 localhost audit: CRED_ACQ pid=17872 uid=0 auid=4294967295 ses=4294967295 msg='op=PAM:setcred grantors=pam_env,pam_unix acct="lampedo" exe="/usr/sbin/crond" hostname=? addr=? terminal=cron res=success'
Dec 13 17:00:01 localhost systemd: Starting Session 16 of user lampedo.
Dec 13 17:00:01 localhost audit: USER_START pid=17872 uid=0 auid=1000 ses=16 msg='op=PAM:session_open grantors=pam_loginuid,pam_keyinit,pam_limits,pam_systemd acct="lampedo" exe="/usr/sbin/crond" hostname=? addr=? terminal=cron res=success'
Dec 13 17:00:01 localhost audit: CRED_REFR pid=17872 uid=0 auid=1000 ses=16 msg='op=PAM:setcred grantors=pam_env,pam_unix acct="lampedo" exe="/usr/sbin/crond" hostname=? addr=? terminal=cron res=success'
Dec 13 17:00:01 localhost audit: CRED_DISP pid=17872 uid=0 auid=1000 ses=16 msg='op=PAM:setcred grantors=pam_env,pam_unix acct="lampedo" exe="/usr/sbin/crond" hostname=? addr=? terminal=cron res=success'
Dec 13 17:00:01 localhost audit: USER_END pid=17872 uid=0 auid=1000 ses=16 msg='op=PAM:session_close grantors=pam_loginuid,pam_keyinit,pam_limits,pam_systemd acct="lampedo" exe="/usr/sbin/crond" hostname=? addr=? terminal=cron res=success'
Dec 13 17:11:26 localhost cupsd: REQUEST localhost - - "POST / HTTP/1.1" 200 186 Renew-Subscription successful-ok
Dec 13 17:15:01 localhost audit: USER_ACCT pid=18761 uid=0 auid=4294967295 ses=4294967295 msg='op=PAM:accounting grantors=pam_access,pam_unix acct="lampedo" exe="/usr/sbin/crond" hostname=? addr=? terminal=cron res=success'
Dec 13 17:15:01 localhost audit: CRED_ACQ pid=18761 uid=0 auid=4294967295 ses=4294967295 msg='op=PAM:setcred grantors=pam_env,pam_unix acct="lampedo" exe="/usr/sbin/crond" hostname=? addr=? terminal=cron res=success'
Dec 13 17:15:01 localhost systemd: Started Session 17 of user lampedo.
Dec 13 17:15:01 localhost systemd: Starting Session 17 of user lampedo.
Dec 13 17:15:01 localhost audit: USER_START pid=18761 uid=0 auid=1000 ses=17 msg='op=PAM:session_open grantors=pam_loginuid,pam_keyinit,pam_limits,pam_systemd acct="lampedo" exe="/usr/sbin/crond" hostname=? addr=? terminal=cron res=success'
Dec 13 17:15:01 localhost audit: CRED_REFR pid=18761 uid=0 auid=1000 ses=17 msg='op=PAM:setcred grantors=pam_env,pam_unix acct="lampedo" exe="/usr/sbin/crond" hostname=? addr=? terminal=cron res=success'
Dec 13 17:15:01 localhost audit: CRED_DISP pid=18761 uid=0 auid=1000 ses=17 msg='op=PAM:setcred grantors=pam_env,pam_unix acct="lampedo" exe="/usr/sbin/crond" hostname=? addr=? terminal=cron res=success'
Dec 13 17:15:01 localhost audit: USER_END pid=18761 uid=0 auid=1000 ses=17 msg='op=PAM:session_close grantors=pam_loginuid,pam_keyinit,pam_limits,pam_systemd acct="lampedo" exe="/usr/sbin/crond" hostname=? addr=? terminal=cron res=success'
Dec 13 17:15:51 localhost chronyd[915]: Source 2620:10a:800f::13 replaced with 206.248.144.162
Dec 13 17:25:21 localhost systemd: Starting dnf makecache...
Dec 13 17:25:21 localhost dnf: Metadata cache refreshed recently.
Dec 13 17:25:21 localhost systemd: Started dnf makecache.
Dec 13 17:25:21 localhost audit: SERVICE_START pid=1 uid=0 auid=4294967295 ses=4294967295 msg='unit=dnf-makecache comm="systemd" exe="/usr/lib/systemd/systemd" hostname=? addr=? terminal=? res=success'
Dec 13 17:25:21 localhost audit: SERVICE_STOP pid=1 uid=0 auid=4294967295 ses=4294967295 msg='unit=dnf-makecache comm="systemd" exe="/usr/lib/systemd/systemd" hostname=? addr=? terminal=? res=success'
Dec 13 17:30:01 localhost audit: USER_ACCT pid=19655 uid=0 auid=4294967295 ses=4294967295 msg='op=PAM:accounting grantors=pam_access,pam_unix acct="lampedo" exe="/usr/sbin/crond" hostname=? addr=? terminal=cron res=success'
Dec 13 17:30:01 localhost audit: CRED_ACQ pid=19655 uid=0 auid=4294967295 ses=4294967295 msg='op=PAM:setcred grantors=pam_env,pam_unix acct="lampedo" exe="/usr/sbin/crond" hostname=? addr=? terminal=cron res=success'
Dec 13 17:30:01 localhost systemd: Started Session 18 of user lampedo.
Dec 13 17:30:01 localhost systemd: Starting Session 18 of user lampedo.
Dec 13 17:30:01 localhost audit: USER_START pid=19655 uid=0 auid=1000 ses=18 msg='op=PAM:session_open grantors=pam_loginuid,pam_keyinit,pam_limits,pam_systemd acct="lampedo" exe="/usr/sbin/crond" hostname=? addr=? terminal=cron res=success'
Dec 13 17:30:01 localhost audit: CRED_REFR pid=19655 uid=0 auid=1000 ses=18 msg='op=PAM:setcred grantors=pam_env,pam_unix acct="lampedo" exe="/usr/sbin/crond" hostname=? addr=? terminal=cron res=success'
Dec 13 17:30:01 localhost audit: CRED_DISP pid=19655 uid=0 auid=1000 ses=18 msg='op=PAM:setcred grantors=pam_env,pam_unix acct="lampedo" exe="/usr/sbin/crond" hostname=? addr=? terminal=cron res=success'
Dec 13 17:30:01 localhost audit: USER_END pid=19655 uid=0 auid=1000 ses=18 msg='op=PAM:session_close grantors=pam_loginuid,pam_keyinit,pam_limits,pam_systemd acct="lampedo" exe="/usr/sbin/crond" hostname=? addr=? terminal=cron res=success'
Dec 13 17:45:01 localhost audit: USER_ACCT pid=20582 uid=0 auid=4294967295 ses=4294967295 msg='op=PAM:accounting grantors=pam_access,pam_unix acct="lampedo" exe="/usr/sbin/crond" hostname=? addr=? terminal=cron res=success'
Dec 13 17:45:01 localhost systemd: Started Session 19 of user lampedo.
Dec 13 17:45:01 localhost audit: CRED_ACQ pid=20582 uid=0 auid=4294967295 ses=4294967295 msg='op=PAM:setcred grantors=pam_env,pam_unix acct="lampedo" exe="/usr/sbin/crond" hostname=? addr=? terminal=cron res=success'
Dec 13 17:45:01 localhost systemd: Starting Session 19 of user lampedo.
Dec 13 17:45:01 localhost audit: USER_START pid=20582 uid=0 auid=1000 ses=19 msg='op=PAM:session_open grantors=pam_loginuid,pam_keyinit,pam_limits,pam_systemd acct="lampedo" exe="/usr/sbin/crond" hostname=? addr=? terminal=cron res=success'
Dec 13 17:45:01 localhost audit: CRED_REFR pid=20582 uid=0 auid=1000 ses=19 msg='op=PAM:setcred grantors=pam_env,pam_unix acct="lampedo" exe="/usr/sbin/crond" hostname=? addr=? terminal=cron res=success'
Dec 13 17:45:01 localhost audit: CRED_DISP pid=20582 uid=0 auid=1000 ses=19 msg='op=PAM:setcred grantors=pam_env,pam_unix acct="lampedo" exe="/usr/sbin/crond" hostname=? addr=? terminal=cron res=success'
Dec 13 17:45:01 localhost audit: USER_END pid=20582 uid=0 auid=1000 ses=19 msg='op=PAM:session_close grantors=pam_loginuid,pam_keyinit,pam_limits,pam_systemd acct="lampedo" exe="/usr/sbin/crond" hostname=? addr=? terminal=cron res=success'
Dec 13 17:45:51 localhost chronyd[915]: Source 198.245.51.213 replaced with 198.50.135.212
Dec 13 17:51:59 localhost /usr/libexec/achille-x-session: Activating service name='org.gnome.Terminal'
Dec 13 17:51:59 localhost /usr/libexec/achille-x-session: Successfully activated service 'org.gnome.Terminal'
Dec 13 17:52:15 localhost /usr/libexec/achille-x-session: Activating service name='org.gnome.ControlCenter.SearchProvider'
Dec 13 17:52:15 localhost /usr/libexec/achille-x-session: Activating service name='org.gnome.Calculator.SearchProvider'
Dec 13 17:52:15 localhost /usr/libexec/achille-x-session: Activating service name='org.gnome.clocks'
Dec 13 17:52:15 localhost /usr/libexec/achille-x-session: Activating service name='org.gnome.Contacts.SearchProvider'
Dec 13 17:52:15 localhost /usr/libexec/achille-x-session: Activating service name='org.gnome.Documents'
Dec 13 17:52:15 localhost /usr/libexec/achille-x-session: Activating service name='org.gnome.Gnote'
Dec 13 17:52:15 localhost /usr/libexec/achille-x-session: Activating service name='org.gnome.Bijiben.SearchProvider'
Dec 13 17:52:15 localhost /usr/libexec/achille-x-session: Activating service name='org.gnome.seahorse.Application'
Dec 13 17:52:15 localhost /usr/libexec/achille-x-session: Successfully activated service 'org.gnome.Calculator.SearchProvider'
Dec 13 17:52:15 localhost /usr/libexec/achille-x-session: Successfully activated service 'org.gnome.ControlCenter.SearchProvider'
Dec 13 17:52:16 localhost /usr/libexec/achille-x-session: Successfully activated service 'org.gnome.clocks'
Dec 13 17:52:16 localhost /usr/libexec/achille-x-session: Successfully activated service 'org.gnome.Bijiben.SearchProvider'
Dec 13 17:52:16 localhost org.gnome.Bijiben.SearchProvider: (bijiben-shell-search-provider:21279): GLib-GObject-CRITICAL **: g_object_unref: assertion 'G_IS_OBJECT (object)' failed
Dec 13 17:52:16 localhost org.gnome.Bijiben.SearchProvider: (bijiben-shell-search-provider:21279): GLib-GObject-CRITICAL **: g_object_unref: assertion 'G_IS_OBJECT (object)' failed
Dec 13 17:52:16 localhost org.gnome.Bijiben.SearchProvider: (bijiben-shell-search-provider:21279): GLib-GObject-CRITICAL **: g_object_unref: assertion 'G_IS_OBJECT (object)' failed
Dec 13 17:52:16 localhost org.gnome.Bijiben.SearchProvider: sending the mass change
Dec 13 17:52:16 localhost /usr/libexec/achille-x-session: Successfully activated service 'org.gnome.seahorse.Application'
Dec 13 17:52:17 localhost /usr/libexec/achille-x-session: Successfully activated service 'org.gnome.Contacts.SearchProvider'
Dec 13 17:52:17 localhost PackageKit: resolve transaction /33966_ebbdedcd from uid 1000 finished with success after 347ms
Dec 13 17:52:17 localhost PackageKit: resolve transaction /33967_abcddedb from uid 1000 finished with success after 50ms
Dec 13 17:52:17 localhost /usr/libexec/achille-x-session: Successfully activated service 'org.gnome.Documents'
Dec 13 17:52:18 localhost /usr/libexec/achille-x-session: Activating service name='org.bluez.obex'
Dec 13 17:52:18 localhost PackageKit: resolve transaction /33968_bccbccdd from uid 1000 finished with success after 60ms
Dec 13 17:52:19 localhost org.gnome.Documents: Gjs-Message: JS LOG: Error indexing the getting started PDF: Filesystem miner is not active
Dec 13 17:52:19 localhost obexd[21371]: OBEX daemon 5.41
Dec 13 17:52:19 localhost /usr/libexec/achille-x-session: Successfully activated service 'org.bluez.obex'
Dec 13 17:52:19 localhost PackageKit: resolve transaction /33969_bcebdedb from uid 1000 finished with success after 32ms
Dec 13 17:52:19 localhost PackageKit: resolve transaction /33970_cedcabed from uid 1000 finished with success after 26ms
Dec 13 17:52:20 localhost /usr/libexec/achille-x-session: Successfully activated service 'org.gnome.Gnote'
Dec 13 17:52:20 localhost gnome-shell.desktop: Gjs-Message: JS LOG: Received error from DBus search provider gnote.desktop: Gio.DBusError: GDBus.Error:org.freedesktop.DBus.Error.UnknownMethod: No such interface 'org.gnome.Shell.SearchProvider2' on object at path /org/gnome/Gnote/SearchProvider
Dec 13 17:52:23 localhost org.gnome.Bijiben.SearchProvider: (bijiben-shell-search-provider:21279): GLib-GObject-CRITICAL **: g_object_unref: assertion 'G_IS_OBJECT (object)' failed
Dec 13 17:52:23 localhost org.gnome.Bijiben.SearchProvider: (bijiben-shell-search-provider:21279): GLib-GObject-CRITICAL **: g_object_unref: assertion 'G_IS_OBJECT (object)' failed
Dec 13 17:52:23 localhost org.gnome.Bijiben.SearchProvider: (bijiben-shell-search-provider:21279): GLib-GObject-CRITICAL **: g_object_unref: assertion 'G_IS_OBJECT (object)' failed
Dec 13 17:52:23 localhost org.gnome.Bijiben.SearchProvider: (bijiben-shell-search-provider:21279): GLib-GObject-CRITICAL **: g_object_unref: assertion 'G_IS_OBJECT (object)' failed
Dec 13 17:52:23 localhost org.gnome.Bijiben.SearchProvider: sending the mass change
Dec 13 17:52:26 localhost org.gnome.Bijiben.SearchProvider: sending the mass change
Dec 13 17:54:00 localhost pulseaudio[2329]: [pulseaudio] sink-input.c: Failed to create sink input: sink is suspended.
Dec 13 17:54:20 localhost systemd-logind: Suspend key pressed.
Dec 13 17:54:20 localhost NetworkManager[1117]: <info>  sleep requested (sleeping: no  enabled: yes)
Dec 13 17:54:20 localhost NetworkManager[1117]: <info>  sleeping...
Dec 13 17:54:20 localhost NetworkManager[1117]: <info>  (wlan0): device state change: unavailable -> unmanaged (reason 'sleeping') [20 10 37]
Dec 13 17:54:20 localhost NetworkManager[1117]: <info>  NetworkManager state is now ASLEEP
Dec 13 17:54:22 localhost systemd-logind: Lid closed.
Dec 13 17:54:22 localhost kernel: pcieport 0000:00:1c.0: BAR 14: assigned [mem 0xcfa00000-0xcfbfffff]
Dec 13 17:54:22 localhost kernel: pcieport 0000:00:1c.0: BAR 15: assigned [mem 0xcfc00000-0xcfdfffff 64bit pref]
Dec 13 17:54:22 localhost kernel: pcieport 0000:00:1c.1: BAR 15: assigned [mem 0xcfe00000-0xcfffffff 64bit pref]
Dec 13 17:54:22 localhost kernel: pcieport 0000:00:1c.5: BAR 15: assigned [mem 0xe0a00000-0xe0bfffff 64bit pref]
Dec 13 17:54:22 localhost kernel: pcieport 0000:00:1c.0: BAR 13: assigned [io  0x4000-0x4fff]
Dec 13 17:54:22 localhost kernel: pcieport 0000:00:1c.1: BAR 13: assigned [io  0x5000-0x5fff]
Dec 13 17:54:22 localhost kernel: pcieport 0000:00:1c.5: BAR 13: assigned [io  0x6000-0x6fff]
Dec 13 17:54:23 localhost systemd: Reached target Sleep.
Dec 13 17:54:23 localhost systemd: Starting Sleep.
Dec 13 17:54:23 localhost systemd: Starting Suspend...
Dec 13 17:54:23 localhost systemd-sleep: Suspending system...
Dec 13 17:54:24 localhost kernel: PM: Syncing filesystems ... done.
Dec 14 22:04:54 localhost kernel: Freezing user space processes ... (elapsed 0.003 seconds) done.
Dec 14 22:04:54 localhost kernel: Double checking all user space processes after OOM killer disable... (elapsed 0.000 seconds) 
Dec 14 22:04:54 localhost kernel: Freezing remaining freezable tasks ... (elapsed 0.001 seconds) done.
Dec 14 22:04:54 localhost kernel: Suspending console(s) (use no_console_suspend to debug)
Dec 14 22:04:54 localhost kernel: sd 0:0:0:0: [sda] Synchronizing SCSI cache
Dec 14 22:04:54 localhost kernel: e1000e: EEE TX LPI TIMER: 00000011
Dec 14 22:04:54 localhost kernel: sd 0:0:0:0: [sda] Stopping disk
Dec 14 22:04:54 localhost kernel: PM: suspend of devices complete after 361.197 msecs
Dec 14 22:04:54 localhost kernel: PM: late suspend of devices complete after 11.325 msecs
Dec 14 22:04:54 localhost kernel: ehci-pci 0000:00:1d.0: System wakeup enabled by ACPI
Dec 14 22:04:54 localhost kernel: ehci-pci 0000:00:1a.0: System wakeup enabled by ACPI
Dec 14 22:04:54 localhost kernel: e1000e 0000:00:19.0: System wakeup enabled by ACPI
Dec 14 22:04:54 localhost kernel: PM: noirq suspend of devices complete after 15.713 msecs
Dec 14 22:04:54 localhost kernel: ACPI: Preparing to enter system sleep state S3
Dec 14 22:04:54 localhost kernel: ACPI : EC: EC stopped
Dec 14 22:04:54 localhost kernel: PM: Saving platform NVS memory
Dec 14 22:04:54 localhost kernel: Disabling non-boot CPUs ...
Dec 14 22:04:54 localhost kernel: smpboot: CPU 1 is now offline
Dec 14 22:04:54 localhost kernel: Broke affinity for irq 26
Dec 14 22:04:54 localhost kernel: smpboot: CPU 2 is now offline
Dec 14 22:04:54 localhost kernel: Broke affinity for irq 16
Dec 14 22:04:54 localhost kernel: Broke affinity for irq 18
Dec 14 22:04:54 localhost kernel: Broke affinity for irq 26
Dec 14 22:04:54 localhost kernel: Broke affinity for irq 28
Dec 14 22:04:54 localhost kernel: smpboot: CPU 3 is now offline
Dec 14 22:04:54 localhost kernel: ACPI: Low-level resume complete
Dec 14 22:04:54 localhost kernel: ACPI : EC: EC started
Dec 14 22:04:54 localhost kernel: PM: Restoring platform NVS memory
Dec 14 22:04:54 localhost kernel: Enabling non-boot CPUs ...
Dec 14 22:04:54 localhost kernel: x86: Booting SMP configuration:
Dec 14 22:04:54 localhost kernel: smpboot: Booting Node 0 Processor 1 APIC 0x2
Dec 14 22:04:54 localhost kernel: cache: parent cpu1 should not be sleeping
Dec 14 22:04:54 localhost kernel: CPU1 is up
Dec 14 22:04:54 localhost kernel: smpboot: Booting Node 0 Processor 2 APIC 0x1
Dec 14 22:04:54 localhost kernel: cache: parent cpu2 should not be sleeping
Dec 14 22:04:54 localhost kernel: CPU2 is up
Dec 14 22:04:54 localhost kernel: smpboot: Booting Node 0 Processor 3 APIC 0x3
Dec 14 22:04:54 localhost kernel: cache: parent cpu3 should not be sleeping
Dec 14 22:04:54 localhost kernel: CPU3 is up
Dec 14 22:04:54 localhost kernel: ACPI: Waking up from system sleep state S3
Dec 14 22:04:54 localhost kernel: ehci-pci 0000:00:1d.0: System wakeup disabled by ACPI
Dec 14 22:04:54 localhost kernel: ehci-pci 0000:00:1a.0: System wakeup disabled by ACPI
Dec 14 22:04:54 localhost kernel: PM: noirq resume of devices complete after 14.475 msecs
Dec 14 22:04:54 localhost kernel: PM: early resume of devices complete after 0.328 msecs
Dec 14 22:04:54 localhost kernel: iwlwifi 0000:02:00.0: RF_KILL bit toggled to disable radio.
Dec 14 22:04:54 localhost kernel: sd 0:0:0:0: [sda] Starting disk
Dec 14 22:04:54 localhost kernel: e1000e 0000:00:19.0: System wakeup disabled by ACPI
Dec 14 22:04:54 localhost kernel: rtc_cmos 00:02: System wakeup disabled by ACPI
Dec 14 22:04:54 localhost kernel: usb 1-1.5: reset high-speed USB device number 3 using ehci-pci
Dec 14 22:04:54 localhost kernel: ata4: SATA link down (SStatus 0 SControl 300)
Dec 14 22:04:54 localhost kernel: ata5: SATA link down (SStatus 0 SControl 300)
Dec 14 22:04:54 localhost kernel: ata6: SATA link down (SStatus 0 SControl 300)
Dec 14 22:04:54 localhost kernel: ata2: SATA link down (SStatus 0 SControl 300)
Dec 14 22:04:54 localhost kernel: PM: resume of devices complete after 621.354 msecs
Dec 14 22:04:54 localhost console-kit-daemon[2415]: WARNING: Error waiting for native console 35 activation: Resource temporarily unavailable
Dec 14 22:04:54 localhost kernel: Restarting tasks ... done.
Dec 14 22:04:54 localhost systemd: Time has been changed
Dec 14 22:04:54 localhost NetworkManager[1117]: <info>  (eno1): link disconnected (deferring action for 4 seconds)
Dec 14 22:04:54 localhost systemd: Time has been changed
Dec 14 22:04:54 localhost systemd: Time has been changed
Dec 14 22:04:54 localhost console-kit-daemon: console-kit-daemon[2415]: WARNING: Error waiting for native console 35 activation: Resource temporarily unavailable
Dec 14 22:04:54 localhost kernel: acpi PNP0401:00: Already enumerated
Dec 14 22:04:54 localhost kernel: acpi PNP0501:00: Still not present
Dec 14 22:04:54 localhost kernel: video LNXVIDEO:00: Restoring backlight state
Dec 14 22:04:54 localhost systemd-sleep: System resumed.
Dec 14 22:04:54 localhost systemd: Started Suspend.
Dec 14 22:04:54 localhost systemd: sleep.target: Unit not needed anymore. Stopping.
Dec 14 22:04:54 localhost audit: SERVICE_START pid=1 uid=0 auid=4294967295 ses=4294967295 msg='unit=systemd-suspend comm="systemd" exe="/usr/lib/systemd/systemd" hostname=? addr=? terminal=? res=success'
Dec 14 22:04:54 localhost audit: SERVICE_STOP pid=1 uid=0 auid=4294967295 ses=4294967295 msg='unit=systemd-suspend comm="systemd" exe="/usr/lib/systemd/systemd" hostname=? addr=? terminal=? res=success'
Dec 14 22:04:54 localhost systemd: Stopped target Sleep.
Dec 14 22:04:54 localhost systemd: Stopping Sleep.
Dec 14 22:04:54 localhost systemd: Reached target Suspend.
Dec 14 22:04:54 localhost systemd-logind: Operation finished.
Dec 14 22:04:54 localhost systemd: suspend.target: Unit suspend.target is bound to inactive unit systemd-suspend.service. Stopping, too.
Dec 14 22:04:54 localhost systemd: Starting Suspend.
Dec 14 22:04:54 localhost systemd: Stopped target Suspend.
Dec 14 22:04:54 localhost NetworkManager[1117]: <info>  wake requested (sleeping: yes  enabled: yes)
Dec 14 22:04:54 localhost systemd: Stopping Suspend.
Dec 14 22:04:54 localhost NetworkManager[1117]: <info>  waking up...
Dec 14 22:04:54 localhost NetworkManager[1117]: <info>  (eno1): device state change: activated -> unmanaged (reason 'sleeping') [100 10 37]
Dec 14 22:04:54 localhost NetworkManager[1117]: <info>  (eno1): canceled DHCP transaction, DHCP client pid 1554
Dec 14 22:04:54 localhost NetworkManager[1117]: <info>  (eno1): DHCPv4 state changed bound -> done
Dec 14 22:04:54 localhost audit: NETFILTER_CFG table=filter family=10 entries=89
Dec 14 22:04:54 localhost audit: NETFILTER_CFG table=nat family=10 entries=52
Dec 14 22:04:54 localhost dnsmasq[1896]: no servers found in /etc/resolv.conf, will retry
Dec 14 22:04:54 localhost audit: NETFILTER_CFG table=mangle family=10 entries=40
Dec 14 22:04:54 localhost NetworkManager[1117]: <info>  NetworkManager state is now CONNECTED_LOCAL
Dec 14 22:04:54 localhost avahi-daemon[923]: Withdrawing address record for 132.205.221.152 on eno1.
Dec 14 22:04:54 localhost avahi-daemon[923]: Leaving mDNS multicast group on interface eno1.IPv4 with address 132.205.221.152.
Dec 14 22:04:54 localhost audit: NETFILTER_CFG table=filter family=2 entries=98
Dec 14 22:04:54 localhost audit: NETFILTER_CFG table=nat family=2 entries=57
Dec 14 22:04:54 localhost audit: NETFILTER_CFG table=mangle family=2 entries=41
Dec 14 22:04:54 localhost kernel: e1000e: eno1 NIC Link is Down
Dec 14 22:04:54 localhost avahi-daemon[923]: Interface eno1.IPv4 no longer relevant for mDNS.
Dec 14 22:04:54 localhost avahi-daemon[923]: Withdrawing address record for fe80::868f:69ff:fef0:a2cf on eno1.
Dec 14 22:04:55 localhost kernel: ata1: SATA link up 3.0 Gbps (SStatus 123 SControl 300)
Dec 14 22:04:55 localhost kernel: ata1.00: ACPI cmd 00/00:00:00:00:00:a0 (NOP) rejected by device (Stat=0x51 Err=0x04)
Dec 14 22:04:55 localhost kernel: ata1.00: configured for UDMA/133
Dec 14 22:04:55 localhost NetworkManager[1117]: <info>  (wlan0): device state change: unmanaged -> unavailable (reason 'managed') [10 20 2]
Dec 14 22:04:55 localhost kernel: IPv6: ADDRCONF(NETDEV_UP): wlan0: link is not ready
Dec 14 22:04:55 localhost dbus[924]: [system] Activating via systemd: service name='org.freedesktop.nm_dispatcher' unit='dbus-org.freedesktop.nm-dispatcher.service'
Dec 14 22:04:55 localhost NetworkManager[1117]: <info>  (eno1): device state change: unmanaged -> unavailable (reason 'managed') [10 20 2]
Dec 14 22:04:55 localhost kernel: IPv6: ADDRCONF(NETDEV_UP): eno1: link is not ready
Dec 14 22:04:55 localhost systemd: Starting Network Manager Script Dispatcher Service...
Dec 14 22:04:55 localhost dbus[924]: [system] Successfully activated service 'org.freedesktop.nm_dispatcher'
Dec 14 22:04:55 localhost systemd: Started Network Manager Script Dispatcher Service.
Dec 14 22:04:55 localhost audit: SERVICE_START pid=1 uid=0 auid=4294967295 ses=4294967295 msg='unit=NetworkManager-dispatcher comm="systemd" exe="/usr/lib/systemd/systemd" hostname=? addr=? terminal=? res=success'
Dec 14 22:04:55 localhost nm-dispatcher: Dispatching action 'down' for eno1
Dec 14 22:04:55 localhost systemd: Stopping Sendmail Mail Transport Client...
Dec 14 22:04:55 localhost audit: SERVICE_STOP pid=1 uid=0 auid=4294967295 ses=4294967295 msg='unit=sm-client comm="systemd" exe="/usr/lib/systemd/systemd" hostname=? addr=? terminal=? res=success'
Dec 14 22:04:55 localhost chronyd[915]: Forward time jump detected!
Dec 14 22:04:55 localhost chronyd[915]: Can't synchronise: no selectable sources
Dec 14 22:04:55 localhost systemd: Stopping Sendmail Mail Transport Agent...
Dec 14 22:04:56 localhost audit: SERVICE_STOP pid=1 uid=0 auid=4294967295 ses=4294967295 msg='unit=sendmail comm="systemd" exe="/usr/lib/systemd/systemd" hostname=? addr=? terminal=? res=success'
Dec 14 22:04:56 localhost systemd: Starting Sendmail Mail Transport Agent...
Dec 14 22:04:56 localhost systemd: Started Sendmail Mail Transport Agent.
Dec 14 22:04:56 localhost audit: SERVICE_START pid=1 uid=0 auid=4294967295 ses=4294967295 msg='unit=sendmail comm="systemd" exe="/usr/lib/systemd/systemd" hostname=? addr=? terminal=? res=success'
Dec 14 22:04:56 localhost systemd: Starting Sendmail Mail Transport Client...
Dec 14 22:04:56 localhost kernel: IPv6: ADDRCONF(NETDEV_UP): eno1: link is not ready
Dec 14 22:04:56 localhost NetworkManager[1117]: <info>  connectivity: check for uri 'http://fedoraproject.org/static/hotspot.txt' failed with 'Error resolving 'fedoraproject.org': No address associated with hostname'
Dec 14 22:04:56 localhost systemd: Started Sendmail Mail Transport Client.
Dec 14 22:04:56 localhost audit: SERVICE_START pid=1 uid=0 auid=4294967295 ses=4294967295 msg='unit=sm-client comm="systemd" exe="/usr/lib/systemd/systemd" hostname=? addr=? terminal=? res=success'
Dec 14 22:04:56 localhost chronyd[915]: Source 206.108.0.131 offline
Dec 14 22:04:56 localhost chronyd[915]: Source 72.38.129.202 offline
Dec 14 22:04:56 localhost chronyd[915]: Source 70.79.92.55 offline
Dec 14 22:04:56 localhost chronyd[915]: Source 192.99.2.8 offline
Dec 14 22:04:56 localhost chronyd[915]: Source 208.73.56.29 offline
Dec 14 22:04:56 localhost chronyd[915]: Source 206.248.144.162 offline
Dec 14 22:04:56 localhost chronyd[915]: Source 206.108.0.133 offline
Dec 14 22:04:56 localhost chronyd[915]: Source 198.50.135.212 offline
Dec 14 22:04:56 localhost systemd: squid.service: Unit cannot be reloaded because it is inactive.
Dec 14 22:04:58 localhost NetworkManager[1117]: <info>  (eno1): link disconnected (calling deferred action)
Dec 14 22:05:06 localhost audit: SERVICE_STOP pid=1 uid=0 auid=4294967295 ses=4294967295 msg='unit=NetworkManager-dispatcher comm="systemd" exe="/usr/lib/systemd/systemd" hostname=? addr=? terminal=? res=success'
Dec 14 22:05:14 localhost NetworkManager[1117]: <info>  sleep requested (sleeping: no  enabled: yes)
Dec 14 22:05:14 localhost NetworkManager[1117]: <info>  sleeping...
Dec 14 22:05:14 localhost NetworkManager[1117]: <info>  (wlan0): device state change: unavailable -> unmanaged (reason 'sleeping') [20 10 37]
Dec 14 22:05:14 localhost NetworkManager[1117]: <info>  NetworkManager state is now ASLEEP
Dec 14 22:05:15 localhost systemd: Reached target Sleep.
Dec 14 22:05:15 localhost systemd: Starting Sleep.
Dec 14 22:05:15 localhost systemd: Starting Hybrid Suspend+Hibernate...
Dec 14 22:05:15 localhost systemd-sleep: Suspending system...
Dec 14 22:05:16 localhost gnome-settings-daemon.desktop: (gnome-settings-daemon:1934): GnomeDesktop-WARNING **: Error setting property 'PowerSaveMode' on interface org.gnome.Mutter.DisplayConfig: Timeout was reached (g-io-error-quark, 24)
Jan  5 15:31:20 localhost rsyslogd: [origin software="rsyslogd" swVersion="8.10.0" x-pid="1150" x-info="http://www.rsyslog.com"] start
Sep  6 15:23:01 localhost audit: CRYPTO_KEY_USER pid=1270 uid=0 auid=4294967295 ses=4294967295 msg='op=destroy kind=server fp=SHA256:02:62:44:6e:ba:e7:1f:d7:5b:3f:1a:90:c9:e5:61:34:6b:d4:ae:32:85:ae:d4:b6:60:69:e0:51:9b:be:53:f9 direction=? spid=1270 suid=0  exe="/usr/sbin/sshd" hostname=? addr=? terminal=? res=success'
Sep  6 15:23:01 localhost audit: CRYPTO_KEY_USER pid=1270 uid=0 auid=4294967295 ses=4294967295 msg='op=destroy kind=server fp=SHA256:2d:38:da:0f:62:d9:f2:8f:7b:22:b5:f1:07:d0:91:a2:2f:ad:56:fe:60:4d:76:29:7d:b7:84:2a:ca:9a:79:b2 direction=? spid=1270 suid=0  exe="/usr/sbin/sshd" hostname=? addr=? terminal=? res=success'
Sep  6 15:23:01 localhost systemd: Stopping System Logging Service...
Sep  6 15:23:01 localhost systemd: Stopping Update UTMP about System Boot/Shutdown...
Sep  6 15:23:01 localhost audit: SYSTEM_SHUTDOWN pid=2223 uid=0 auid=4294967295 ses=4294967295 msg=' comm="systemd-update-utmp" exe="/usr/lib/systemd/systemd-update-utmp" hostname=? addr=? terminal=? res=success'
Sep  6 15:23:01 localhost systemd: Stopping Accounts Service...
Sep  6 15:23:01 localhost systemd: Stopping Command Scheduler...
Sep  6 15:23:01 localhost jexec: Stopping jexec services
Sep  6 15:23:01 localhost systemd: Stopping Load/Save RF Kill Switch Status of rfkill1...
Sep  6 15:23:01 localhost systemd: Stopping Restore /run/initramfs on shutdown...
Sep  6 15:23:01 localhost systemd: Stopping MariaDB 10.0 database server...
Sep  6 15:23:01 localhost chronyd[913]: chronyd exiting
Sep  6 15:23:01 localhost systemd: Stopping NTP client/server...
Sep  6 15:23:01 localhost avahi-daemon[895]: Got SIGTERM, quitting.
Sep  6 15:23:01 localhost avahi-daemon[895]: Leaving mDNS multicast group on interface virbr0.IPv4 with address 192.168.122.1.
Sep  6 15:23:01 localhost systemd: Stopping Avahi mDNS/DNS-SD Stack...
Sep  6 15:23:01 localhost avahi-daemon[895]: Leaving mDNS multicast group on interface eno1.IPv4 with address 132.205.221.152.
Sep  6 15:23:01 localhost avahi-daemon[895]: avahi-daemon 0.6.32 exiting.
Sep  6 15:23:01 localhost systemd: Stopping RPC bind service...
Sep  6 15:23:01 localhost systemd: Stopping Login Service...
Sep  6 15:23:01 localhost systemd: Stopping Load/Save Screen Backlight Brightness of backlight:intel_backlight...
Sep  6 15:23:01 localhost systemd: Stopping Load/Save Random Seed...
Sep  6 15:23:01 localhost systemd: Stopped target Login Prompts.
Sep  6 15:23:01 localhost systemd: Stopping Login Prompts.
Sep  6 15:23:01 localhost systemd: Stopped Getty on tty2.
Sep  6 15:23:01 localhost systemd: Stopped Getty on tty3.
Sep  6 15:23:01 localhost systemd: Removed slice system-getty.slice.
Sep  6 15:23:01 localhost systemd: Stopping system-getty.slice.
Sep  6 15:23:01 localhost systemd: Stopping ACPI Event Daemon...
Sep  6 15:23:01 localhost systemd: Stopping Hardware Monitoring Sensors...
Sep  6 15:23:01 localhost systemd: Stopping Load/Save RF Kill Switch Status of rfkill2...
Sep  6 15:23:01 localhost systemd: Deactivated swap /dev/vg_sparta/lv_swap.
Sep  6 15:23:01 localhost systemd: Deactivated swap /dev/disk/by-uuid/d1334a0f-be20-4f71-b6cf-3b4e37c38b56.
Sep  6 15:23:01 localhost systemd: Deactivated swap /dev/disk/by-id/dm-uuid-LVM-pFgUfTZyK5Byc2wrjcJ90fMYxsG7TpjNIDvywbld72zXxhIITjocj0dj0okhef70.
Sep  6 15:23:01 localhost systemd: Deactivated swap /dev/dm-1.
Sep  6 15:23:01 localhost systemd: Stopped irqbalance daemon.
Sep  6 15:23:01 localhost audit: SERVICE_STOP pid=1 uid=0 auid=4294967295 ses=4294967295 msg='unit=irqbalance comm="systemd" exe="/usr/lib/systemd/systemd" hostname=? addr=? terminal=? res=success'
Sep  6 15:23:01 localhost systemd: Stopped System Logging Service.
Sep  6 15:23:01 localhost audit: SERVICE_STOP pid=1 uid=0 auid=4294967295 ses=4294967295 msg='unit=rsyslog comm="systemd" exe="/usr/lib/systemd/systemd" hostname=? addr=? terminal=? res=success'
Sep  6 15:23:01 localhost systemd: Stopped Avahi mDNS/DNS-SD Stack.
Sep  6 15:23:01 localhost audit: SERVICE_STOP pid=1 uid=0 auid=4294967295 ses=4294967295 msg='unit=avahi-daemon comm="systemd" exe="/usr/lib/systemd/systemd" hostname=? addr=? terminal=? res=success'
Sep  6 15:23:01 localhost systemd: Stopped RPC bind service.
Sep  6 15:23:01 localhost audit: SERVICE_STOP pid=1 uid=0 auid=4294967295 ses=4294967295 msg='unit=rpcbind comm="systemd" exe="/usr/lib/systemd/systemd" hostname=? addr=? terminal=? res=success'
Sep  6 15:23:01 localhost systemd: Stopped Machine Check Exception Logging Daemon.
Sep  6 15:23:01 localhost audit: SERVICE_STOP pid=1 uid=0 auid=4294967295 ses=4294967295 msg='unit=mcelog comm="systemd" exe="/usr/lib/systemd/systemd" hostname=? addr=? terminal=? res=success'
Sep  6 15:23:01 localhost systemd: Stopped OpenSSH server daemon.
Sep  6 15:23:01 localhost audit: SERVICE_STOP pid=1 uid=0 auid=4294967295 ses=4294967295 msg='unit=sshd comm="systemd" exe="/usr/lib/systemd/systemd" hostname=? addr=? terminal=? res=success'
Sep  6 15:23:01 localhost systemd: Stopped Wait for Plymouth Boot Screen to Quit.
Sep  6 15:23:01 localhost audit: SERVICE_START pid=1 uid=0 auid=4294967295 ses=4294967295 msg='unit=plymouth-quit-wait comm="systemd" exe="/usr/lib/systemd/systemd" hostname=? addr=? terminal=? res=success'
Sep  6 15:23:01 localhost audit: SERVICE_STOP pid=1 uid=0 auid=4294967295 ses=4294967295 msg='unit=plymouth-quit-wait comm="systemd" exe="/usr/lib/systemd/systemd" hostname=? addr=? terminal=? res=success'
Sep  6 15:23:01 localhost systemd: Stopped Job spooling tools.
Sep  6 15:23:01 localhost audit: SERVICE_STOP pid=1 uid=0 auid=4294967295 ses=4294967295 msg='unit=atd comm="systemd" exe="/usr/lib/systemd/systemd" hostname=? addr=? terminal=? res=success'
Sep  6 15:23:01 localhost systemd: Stopped Command Scheduler.
Sep  6 15:23:01 localhost audit: SERVICE_STOP pid=1 uid=0 auid=4294967295 ses=4294967295 msg='unit=crond comm="systemd" exe="/usr/lib/systemd/systemd" hostname=? addr=? terminal=? res=success'
Sep  6 15:23:01 localhost systemd: Stopped Accounts Service.
Sep  6 15:23:01 localhost audit: SERVICE_STOP pid=1 uid=0 auid=4294967295 ses=4294967295 msg='unit=accounts-daemon comm="systemd" exe="/usr/lib/systemd/systemd" hostname=? addr=? terminal=? res=success'
Sep  6 15:23:01 localhost systemd: Stopped Manage, Install and Generate Color Profiles.
Sep  6 15:23:01 localhost audit: SERVICE_STOP pid=1 uid=0 auid=4294967295 ses=4294967295 msg='unit=colord comm="systemd" exe="/usr/lib/systemd/systemd" hostname=? addr=? terminal=? res=success'
Sep  6 15:23:01 localhost systemd: Stopped Sendmail Mail Transport Client.
Sep  6 15:23:01 localhost audit: SERVICE_STOP pid=1 uid=0 auid=4294967295 ses=4294967295 msg='unit=sm-client comm="systemd" exe="/usr/lib/systemd/systemd" hostname=? addr=? terminal=? res=success'
Sep  6 15:23:01 localhost systemd: Stopped Manage Sound Card State (restore and store).
Sep  6 15:23:01 localhost audit: SERVICE_STOP pid=1 uid=0 auid=4294967295 ses=4294967295 msg='unit=alsa-state comm="systemd" exe="/usr/lib/systemd/systemd" hostname=? addr=? terminal=? res=success'
Sep  6 15:23:01 localhost systemd: Deactivated swap /dev/mapper/vg_sparta-lv_swap.
Sep  6 15:23:01 localhost systemd: Stopped LVM2 PV scan on device 8:3.
Sep  6 15:23:01 localhost audit: SERVICE_STOP pid=1 uid=0 auid=4294967295 ses=4294967295 msg='unit=lvm2-pvscan@8:3 comm="systemd" exe="/usr/lib/systemd/systemd" hostname=? addr=? terminal=? res=success'
Sep  6 15:23:01 localhost systemd: Stopped Load/Save Screen Backlight Brightness of backlight:acpi_video0.
Sep  6 15:23:01 localhost audit: SERVICE_STOP pid=1 uid=0 auid=4294967295 ses=4294967295 msg='unit=systemd-backlight@backlight:acpi_video0 comm="systemd" exe="/usr/lib/systemd/systemd" hostname=? addr=? terminal=? res=success'
Sep  6 15:23:01 localhost systemd: Stopped Load/Save RF Kill Switch Status of rfkill0.
Sep  6 15:23:01 localhost audit: SERVICE_STOP pid=1 uid=0 auid=4294967295 ses=4294967295 msg='unit=systemd-rfkill@rfkill0 comm="systemd" exe="/usr/lib/systemd/systemd" hostname=? addr=? terminal=? res=success'
Sep  6 15:23:01 localhost systemd: Stopped LSB: Supports the direct execution of binary formats..
Sep  6 15:23:01 localhost audit: SERVICE_STOP pid=1 uid=0 auid=4294967295 ses=4294967295 msg='unit=jexec comm="systemd" exe="/usr/lib/systemd/systemd" hostname=? addr=? terminal=? res=success'
Sep  6 15:23:01 localhost systemd: Stopped Install ABRT coredump hook.
Sep  6 15:23:01 localhost audit: SERVICE_STOP pid=1 uid=0 auid=4294967295 ses=4294967295 msg='unit=abrt-ccpp comm="systemd" exe="/usr/lib/systemd/systemd" hostname=? addr=? terminal=? res=success'
Sep  6 15:23:01 localhost systemd: Stopped Login Service.
Sep  6 15:23:01 localhost audit: SERVICE_STOP pid=1 uid=0 auid=4294967295 ses=4294967295 msg='unit=systemd-logind comm="systemd" exe="/usr/lib/systemd/systemd" hostname=? addr=? terminal=? res=success'
Sep  6 15:23:01 localhost systemd: Stopped Update UTMP about System Boot/Shutdown.
Sep  6 15:23:01 localhost audit: SERVICE_STOP pid=1 uid=0 auid=4294967295 ses=4294967295 msg='unit=systemd-update-utmp comm="systemd" exe="/usr/lib/systemd/systemd" hostname=? addr=? terminal=? res=success'
Sep  6 15:23:01 localhost systemd: Stopped Load/Save RF Kill Switch Status of rfkill1.
Sep  6 15:23:01 localhost audit: SERVICE_STOP pid=1 uid=0 auid=4294967295 ses=4294967295 msg='unit=systemd-rfkill@rfkill1 comm="systemd" exe="/usr/lib/systemd/systemd" hostname=? addr=? terminal=? res=success'
Sep  6 15:23:01 localhost systemd: Stopped Load/Save Screen Backlight Brightness of backlight:intel_backlight.
Sep  6 15:23:01 localhost audit: SERVICE_STOP pid=1 uid=0 auid=4294967295 ses=4294967295 msg='unit=systemd-backlight@backlight:intel_backlight comm="systemd" exe="/usr/lib/systemd/systemd" hostname=? addr=? terminal=? res=success'
Sep  6 15:23:01 localhost systemd: Stopped Load/Save Random Seed.
Sep  6 15:23:01 localhost audit: SERVICE_STOP pid=1 uid=0 auid=4294967295 ses=4294967295 msg='unit=systemd-random-seed comm="systemd" exe="/usr/lib/systemd/systemd" hostname=? addr=? terminal=? res=success'
Sep  6 15:23:01 localhost systemd: Stopped Load/Save RF Kill Switch Status of rfkill2.
Sep  6 15:23:01 localhost audit: SERVICE_STOP pid=1 uid=0 auid=4294967295 ses=4294967295 msg='unit=systemd-rfkill@rfkill2 comm="systemd" exe="/usr/lib/systemd/systemd" hostname=? addr=? terminal=? res=success'
Sep  6 15:23:01 localhost systemd: Started Console System Shutdown Logging.
Sep  6 15:23:01 localhost audit: SERVICE_START pid=1 uid=0 auid=4294967295 ses=4294967295 msg='unit=console-kit-log-system-stop comm="systemd" exe="/usr/lib/systemd/systemd" hostname=? addr=? terminal=? res=success'
Sep  6 15:23:01 localhost audit: SERVICE_STOP pid=1 uid=0 auid=4294967295 ses=4294967295 msg='unit=console-kit-log-system-stop comm="systemd" exe="/usr/lib/systemd/systemd" hostname=? addr=? terminal=? res=success'
Sep  6 15:23:01 localhost systemd: Stopping ABRT Automated Bug Reporting Tool...
Sep  6 15:23:01 localhost systemd: Removed slice system-systemd\x2drfkill.slice.
Sep  6 15:23:01 localhost systemd: Stopping system-systemd\x2drfkill.slice.
Sep  6 15:23:01 localhost systemd: Removed slice system-systemd\x2dbacklight.slice.
Sep  6 15:23:01 localhost systemd: Stopping system-systemd\x2dbacklight.slice.
Sep  6 15:23:01 localhost systemd: Removed slice system-lvm2\x2dpvscan.slice.
Sep  6 15:23:01 localhost systemd: Stopping system-lvm2\x2dpvscan.slice.
Sep  6 15:23:01 localhost systemd: Stopping Sendmail Mail Transport Agent...
Sep  6 15:23:01 localhost systemd: Stopping Security Auditing Service...
Sep  6 15:23:01 localhost auditd[860]: The audit daemon is exiting.
Sep  6 15:23:01 localhost audit: CONFIG_CHANGE audit_pid=0 old=860 auid=4294967295 ses=4294967295 res=1
Sep  6 15:23:01 localhost systemd: Stopping SSH log watcher...
Sep  6 15:23:01 localhost kernel: audit_printk_skb: 12 callbacks suppressed
Sep  6 15:23:01 localhost kernel: audit: type=1305 audit(1473189781.879:319): audit_pid=0 old=860 auid=4294967295 ses=4294967295 res=1
Sep  6 15:23:01 localhost systemd: Stopped Security Auditing Service.
Sep  6 15:23:01 localhost kernel: audit: type=1131 audit(1473189781.881:320): pid=1 uid=0 auid=4294967295 ses=4294967295 msg='unit=auditd comm="systemd" exe="/usr/lib/systemd/systemd" hostname=? addr=? terminal=? res=success'
Sep  6 15:23:01 localhost audit: SERVICE_STOP pid=1 uid=0 auid=4294967295 ses=4294967295 msg='unit=auditd comm="systemd" exe="/usr/lib/systemd/systemd" hostname=? addr=? terminal=? res=success'
Sep  6 15:23:01 localhost systemd: Stopped ABRT Automated Bug Reporting Tool.
Sep  6 15:23:01 localhost audit: SERVICE_STOP pid=1 uid=0 auid=4294967295 ses=4294967295 msg='unit=abrtd comm="systemd" exe="/usr/lib/systemd/systemd" hostname=? addr=? terminal=? res=success'
Sep  6 15:23:01 localhost kernel: audit: type=1131 audit(1473189781.883:321): pid=1 uid=0 auid=4294967295 ses=4294967295 msg='unit=abrtd comm="systemd" exe="/usr/lib/systemd/systemd" hostname=? addr=? terminal=? res=success'
Sep  6 15:23:01 localhost systemd: Stopped Sendmail Mail Transport Agent.
Sep  6 15:23:01 localhost audit: SERVICE_STOP pid=1 uid=0 auid=4294967295 ses=4294967295 msg='unit=sendmail comm="systemd" exe="/usr/lib/systemd/systemd" hostname=? addr=? terminal=? res=success'
Sep  6 15:23:01 localhost kernel: audit: type=1131 audit(1473189781.884:322): pid=1 uid=0 auid=4294967295 ses=4294967295 msg='unit=sendmail comm="systemd" exe="/usr/lib/systemd/systemd" hostname=? addr=? terminal=? res=success'
Sep  6 15:23:01 localhost systemd: Stopped SSH log watcher.
Sep  6 15:23:01 localhost audit: SERVICE_STOP pid=1 uid=0 auid=4294967295 ses=4294967295 msg='unit=denyhosts comm="systemd" exe="/usr/lib/systemd/systemd" hostname=? addr=? terminal=? res=success'
Sep  6 15:23:01 localhost kernel: audit: type=1131 audit(1473189781.889:323): pid=1 uid=0 auid=4294967295 ses=4294967295 msg='unit=denyhosts comm="systemd" exe="/usr/lib/systemd/systemd" hostname=? addr=? terminal=? res=success'
Sep  6 15:23:01 localhost acpid: exiting
Sep  6 15:23:01 localhost systemd: Stopped ACPI Event Daemon.
Sep  6 15:23:02 localhost kernel: audit: type=1131 audit(1473189781.961:324): pid=1 uid=0 auid=4294967295 ses=4294967295 msg='unit=acpid comm="systemd" exe="/usr/lib/systemd/systemd" hostname=? addr=? terminal=? res=success'
Sep  6 15:23:02 localhost kernel: audit: type=1131 audit(1473189782.018:325): pid=1 uid=0 auid=4294967295 ses=4294967295 msg='unit=achille comm="systemd" exe="/usr/lib/systemd/systemd" hostname=? addr=? terminal=? res=success'
Sep  6 15:23:02 localhost systemd: Stopped GNOME Display Manager.
Sep  6 15:23:02 localhost audit: SERVICE_STOP pid=1 uid=0 auid=4294967295 ses=4294967295 msg='unit=acpid comm="systemd" exe="/usr/lib/systemd/systemd" hostname=? addr=? terminal=? res=success'
Sep  6 15:23:02 localhost systemd: Starting Show Plymouth Power Off Screen...
Sep  6 15:23:02 localhost audit: SERVICE_STOP pid=1 uid=0 auid=4294967295 ses=4294967295 msg='unit=achille comm="systemd" exe="/usr/lib/systemd/systemd" hostname=? addr=? terminal=? res=success'
Sep  6 15:23:02 localhost systemd: Stopping Permit User Sessions...
Sep  6 15:23:02 localhost systemd: Stopped NTP client/server.
Sep  6 15:23:02 localhost audit: SERVICE_STOP pid=1 uid=0 auid=4294967295 ses=4294967295 msg='unit=chronyd comm="systemd" exe="/usr/lib/systemd/systemd" hostname=? addr=? terminal=? res=success'
Sep  6 15:23:02 localhost kernel: audit: type=1131 audit(1473189782.040:326): pid=1 uid=0 auid=4294967295 ses=4294967295 msg='unit=chronyd comm="systemd" exe="/usr/lib/systemd/systemd" hostname=? addr=? terminal=? res=success'
Sep  6 15:23:02 localhost systemd: Stopped Permit User Sessions.
Sep  6 15:23:02 localhost kernel: audit: type=1131 audit(1473189782.042:327): pid=1 uid=0 auid=4294967295 ses=4294967295 msg='unit=systemd-user-sessions comm="systemd" exe="/usr/lib/systemd/systemd" hostname=? addr=? terminal=? res=success'
Sep  6 15:23:02 localhost audit: SERVICE_STOP pid=1 uid=0 auid=4294967295 ses=4294967295 msg='unit=systemd-user-sessions comm="systemd" exe="/usr/lib/systemd/systemd" hostname=? addr=? terminal=? res=success'
Sep  6 15:23:02 localhost systemd: Stopped target User and Group Name Lookups.
Sep  6 15:23:02 localhost systemd: Stopping User and Group Name Lookups.
Sep  6 15:23:02 localhost systemd: Stopped Hardware Monitoring Sensors.
Sep  6 15:23:02 localhost kernel: audit: type=1131 audit(1473189782.252:328): pid=1 uid=0 auid=4294967295 ses=4294967295 msg='unit=lm_sensors comm="systemd" exe="/usr/lib/systemd/systemd" hostname=? addr=? terminal=? res=success'
Sep  6 15:23:02 localhost audit: SERVICE_STOP pid=1 uid=0 auid=4294967295 ses=4294967295 msg='unit=lm_sensors comm="systemd" exe="/usr/lib/systemd/systemd" hostname=? addr=? terminal=? res=success'
Sep  6 15:23:02 localhost systemd: Received SIGRTMIN+21 from PID 383 (plymouthd).
Sep  6 15:23:02 localhost plymouth: error: unexpectedly disconnected from boot status daemon
Sep  6 15:23:02 localhost systemd: Started Show Plymouth Power Off Screen.
Sep  6 15:23:02 localhost audit: SERVICE_START pid=1 uid=0 auid=4294967295 ses=4294967295 msg='unit=plymouth-poweroff comm="systemd" exe="/usr/lib/systemd/systemd" hostname=? addr=? terminal=? res=success'
Sep  6 15:23:02 localhost audit: SERVICE_STOP pid=1 uid=0 auid=4294967295 ses=4294967295 msg='unit=plymouth-poweroff comm="systemd" exe="/usr/lib/systemd/systemd" hostname=? addr=? terminal=? res=success'
Sep  6 15:23:02 localhost audit: SERVICE_START pid=1 uid=0 auid=4294967295 ses=4294967295 msg='unit=plymouth-start comm="systemd" exe="/usr/lib/systemd/systemd" hostname=? addr=? terminal=? res=success'
Sep  6 15:23:02 localhost audit: SERVICE_STOP pid=1 uid=0 auid=4294967295 ses=4294967295 msg='unit=plymouth-start comm="systemd" exe="/usr/lib/systemd/systemd" hostname=? addr=? terminal=? res=success'
Sep  6 15:23:02 localhost systemd: Stopped Virtualization daemon.
Sep  6 15:23:02 localhost systemd: Stopped target Remote File Systems.
Sep  6 15:23:02 localhost audit: SERVICE_STOP pid=1 uid=0 auid=4294967295 ses=4294967295 msg='unit=libvirtd comm="systemd" exe="/usr/lib/systemd/systemd" hostname=? addr=? terminal=? res=success'
Sep  6 15:23:02 localhost systemd: Stopping Remote File Systems.
Sep  6 15:23:02 localhost systemd: Stopped target Remote File Systems (Pre).
Sep  6 15:23:02 localhost systemd: Stopping Remote File Systems (Pre).
Sep  6 15:23:02 localhost systemd: Stopped target NFS client services.
Sep  6 15:23:02 localhost systemd: Stopping NFS client services.
Sep  6 15:23:02 localhost systemd: Stopping NFS server and services...
Sep  6 15:23:02 localhost systemd: Stopped NFS server and services.
Sep  6 15:23:02 localhost audit: SERVICE_STOP pid=1 uid=0 auid=4294967295 ses=4294967295 msg='unit=nfs-server comm="systemd" exe="/usr/lib/systemd/systemd" hostname=? addr=? terminal=? res=success'
Sep  6 15:23:02 localhost kernel: nfsd: last server has exited, flushing export cache
Sep  6 15:23:02 localhost systemd: Stopping GSSAPI Proxy Daemon...
Sep  6 15:23:02 localhost systemd: Stopping NFS status monitor for NFSv2/3 locking....
Sep  6 15:23:02 localhost systemd: Stopping NFSv4 ID-name mapping service...
Sep  6 15:23:02 localhost systemd: Stopping NFS Mount Daemon...
Sep  6 15:23:02 localhost systemd: Stopped GSSAPI Proxy Daemon.
Sep  6 15:23:02 localhost audit: SERVICE_STOP pid=1 uid=0 auid=4294967295 ses=4294967295 msg='unit=gssproxy comm="systemd" exe="/usr/lib/systemd/systemd" hostname=? addr=? terminal=? res=success'
Sep  6 15:23:02 localhost systemd: Stopped NFSv4 ID-name mapping service.
Sep  6 15:23:02 localhost audit: SERVICE_STOP pid=1 uid=0 auid=4294967295 ses=4294967295 msg='unit=nfs-idmapd comm="systemd" exe="/usr/lib/systemd/systemd" hostname=? addr=? terminal=? res=success'
Sep  6 15:23:02 localhost systemd: Stopped NFS status monitor for NFSv2/3 locking..
Sep  6 15:23:02 localhost audit: SERVICE_STOP pid=1 uid=0 auid=4294967295 ses=4294967295 msg='unit=rpc-statd comm="systemd" exe="/usr/lib/systemd/systemd" hostname=? addr=? terminal=? res=success'
Sep  6 15:23:02 localhost rpc.mountd[1264]: Caught signal 15, un-registering and exiting.
Sep  6 15:23:02 localhost systemd: Stopped NFS Mount Daemon.
Sep  6 15:23:02 localhost audit: SERVICE_STOP pid=1 uid=0 auid=4294967295 ses=4294967295 msg='unit=nfs-mountd comm="systemd" exe="/usr/lib/systemd/systemd" hostname=? addr=? terminal=? res=success'
Sep  6 15:23:02 localhost systemd: Stopped target Host and Network Name Lookups.
Sep  6 15:23:02 localhost systemd: Stopping Host and Network Name Lookups.
Sep  6 15:23:02 localhost systemd: Unmounting RPC Pipe File System...
Sep  6 15:23:02 localhost systemd: Unmounted RPC Pipe File System.
Sep  6 15:23:02 localhost systemd: Stopped Create Volatile Files and Directories.
Sep  6 15:23:02 localhost systemd: Stopping Create Volatile Files and Directories...
Sep  6 15:23:02 localhost audit: SERVICE_STOP pid=1 uid=0 auid=4294967295 ses=4294967295 msg='unit=systemd-tmpfiles-setup comm="systemd" exe="/usr/lib/systemd/systemd" hostname=? addr=? terminal=? res=success'
Sep  6 15:23:04 localhost systemd: Stopped Restore /run/initramfs on shutdown.
Sep  6 15:23:04 localhost systemd: Stopped target Local File Systems.
Sep  6 15:23:04 localhost audit: SERVICE_STOP pid=1 uid=0 auid=4294967295 ses=4294967295 msg='unit=dracut-shutdown comm="systemd" exe="/usr/lib/systemd/systemd" hostname=? addr=? terminal=? res=success'
Sep  6 15:23:04 localhost systemd: Stopping Local File Systems.
Sep  6 15:23:04 localhost audit: SERVICE_STOP pid=1 uid=0 auid=4294967295 ses=4294967295 msg='unit=systemd-remount-fs comm="systemd" exe="/usr/lib/systemd/systemd" hostname=? addr=? terminal=? res=success'
Sep  6 15:23:04 localhost systemd: Stopping Monitoring of LVM2 mirrors, snapshots etc. using dmeventd or progress polling...
Sep  6 15:23:04 localhost systemd: Stopped Remount Root and Kernel File Systems.
Sep  6 15:23:04 localhost systemd: Stopping Remount Root and Kernel File Systems...
Sep  6 15:23:04 localhost systemd: Unmounting Configuration File System...
Sep  6 15:23:04 localhost systemd: Unmounting /home...
Sep  6 15:23:04 localhost lvm: 3 logical volume(s) in volume group "vg_sparta" unmonitored
Sep  6 15:23:04 localhost systemd: Stopped Monitoring of LVM2 mirrors, snapshots etc. using dmeventd or progress polling.
Sep  6 15:23:04 localhost audit: SERVICE_STOP pid=1 uid=0 auid=4294967295 ses=4294967295 msg='unit=lvm2-monitor comm="systemd" exe="/usr/lib/systemd/systemd" hostname=? addr=? terminal=? res=success'
Sep  6 15:23:04 localhost systemd: Stopping LVM2 metadata daemon...
Sep  6 15:23:04 localhost systemd: Stopped LVM2 metadata daemon.
Sep  6 15:23:04 localhost audit: SERVICE_STOP pid=1 uid=0 auid=4294967295 ses=4294967295 msg='unit=lvm2-lvmetad comm="systemd" exe="/usr/lib/systemd/systemd" hostname=? addr=? terminal=? res=success'
Sep  6 15:23:04 localhost systemd: Unmounted Configuration File System.
Sep  6 15:23:04 localhost systemd: Unmounted /home.
Sep  6 15:23:04 localhost systemd: Stopped CUPS Scheduler.
Sep  6 15:23:04 localhost audit: SERVICE_STOP pid=1 uid=0 auid=4294967295 ses=4294967295 msg='unit=cups comm="systemd" exe="/usr/lib/systemd/systemd" hostname=? addr=? terminal=? res=success'
Sep  6 15:23:05 localhost mysqld_safe: 160906 15:23:05 mysqld_safe mysqld from pid file /var/run/mariadb/mariadb.pid ended
Sep  6 15:23:05 localhost systemd: Stopped MariaDB 10.0 database server.
Sep  6 15:23:05 localhost systemd: Stopped target Network.
Sep  6 15:23:05 localhost audit: SERVICE_STOP pid=1 uid=0 auid=4294967295 ses=4294967295 msg='unit=mariadb comm="systemd" exe="/usr/lib/systemd/systemd" hostname=? addr=? terminal=? res=success'
Sep  6 15:23:05 localhost systemd: Stopping Network.
Sep  6 15:23:05 localhost systemd: Stopping WPA supplicant...
Sep  6 15:23:05 localhost systemd: Stopping Network Manager...
Sep  6 15:23:05 localhost NetworkManager[1182]: <info>  caught SIGTERM, shutting down normally.
Sep  6 15:23:05 localhost NetworkManager[1182]: <info>  wpa_supplicant stopped
Sep  6 15:23:05 localhost NetworkManager[1182]: <info>  (wlan0): device state change: unavailable -> unmanaged (reason 'unmanaged') [20 10 3]
Sep  6 15:23:05 localhost systemd: Stopped WPA supplicant.
Sep  6 15:23:05 localhost audit: SERVICE_STOP pid=1 uid=0 auid=4294967295 ses=4294967295 msg='unit=wpa_supplicant comm="systemd" exe="/usr/lib/systemd/systemd" hostname=? addr=? terminal=? res=success'
Sep  6 15:23:05 localhost NetworkManager[1182]: <info>  (virbr0): bridge port virbr0-nic was detached
Sep  6 15:23:05 localhost NetworkManager[1182]: <info>  (virbr0-nic): released from master virbr0
Sep  6 15:23:06 localhost NetworkManager[1182]: <info>  exiting (success)
Sep  6 15:23:06 localhost dnsmasq[1683]: reading /etc/resolv.conf
Sep  6 15:23:06 localhost dnsmasq[1683]: using nameserver 132.205.96.93#53
Sep  6 15:23:06 localhost dnsmasq[1683]: using nameserver 132.205.96.94#53
Sep  6 15:23:06 localhost systemd: Stopped Network Manager.
Sep  6 15:23:06 localhost audit: SERVICE_STOP pid=1 uid=0 auid=4294967295 ses=4294967295 msg='unit=NetworkManager comm="systemd" exe="/usr/lib/systemd/systemd" hostname=? addr=? terminal=? res=success'
Sep  6 15:23:06 localhost systemd: Stopped Rollback uncommitted netcf network config change transactions.
Sep  6 15:23:06 localhost audit: SERVICE_STOP pid=1 uid=0 auid=4294967295 ses=4294967295 msg='unit=netcf-transaction comm="systemd" exe="/usr/lib/systemd/systemd" hostname=? addr=? terminal=? res=success'
Sep  6 15:23:06 localhost systemd: Stopping Rollback uncommitted netcf network config change transactions...
Sep  6 15:23:06 localhost systemd: Stopping firewalld - dynamic firewall daemon...
Sep  6 15:23:06 localhost audit: NETFILTER_CFG table=nat family=2 entries=57
Sep  6 15:23:06 localhost audit: NETFILTER_CFG table=mangle family=2 entries=41
Sep  6 15:23:06 localhost audit: NETFILTER_CFG table=raw family=2 entries=9
Sep  6 15:23:06 localhost audit: NETFILTER_CFG table=filter family=2 entries=95
Sep  6 15:23:06 localhost audit: NETFILTER_CFG table=security family=2 entries=13
Sep  6 15:23:06 localhost audit: NETFILTER_CFG table=nat family=10 entries=52
Sep  6 15:23:06 localhost audit: NETFILTER_CFG table=mangle family=10 entries=40
Sep  6 15:23:06 localhost audit: NETFILTER_CFG table=raw family=10 entries=11
Sep  6 15:23:06 localhost audit: NETFILTER_CFG table=filter family=10 entries=86
Sep  6 15:23:06 localhost audit: NETFILTER_CFG table=security family=10 entries=13
Sep  6 15:23:06 localhost audit: NETFILTER_CFG table=nat family=7 entries=0
Sep  6 15:23:06 localhost audit: NETFILTER_CFG table=nat family=7 entries=0
Sep  6 15:23:06 localhost audit: NETFILTER_CFG table=nat family=7 entries=0
Sep  6 15:23:06 localhost audit: NETFILTER_CFG table=broute family=7 entries=0
Sep  6 15:23:06 localhost audit: NETFILTER_CFG table=broute family=7 entries=0
Sep  6 15:23:06 localhost audit: NETFILTER_CFG table=broute family=7 entries=0
Sep  6 15:23:06 localhost audit: NETFILTER_CFG table=filter family=7 entries=0
Sep  6 15:23:06 localhost audit: NETFILTER_CFG table=filter family=7 entries=0
Sep  6 15:23:06 localhost audit: NETFILTER_CFG table=filter family=7 entries=0
Sep  6 15:23:06 localhost audit: NETFILTER_CFG table=filter family=2 entries=4
Sep  6 15:23:06 localhost audit: NETFILTER_CFG table=mangle family=2 entries=6
Sep  6 15:23:06 localhost audit: NETFILTER_CFG table=raw family=2 entries=3
Sep  6 15:23:06 localhost audit: NETFILTER_CFG table=security family=2 entries=4
Sep  6 15:23:06 localhost audit: NETFILTER_CFG table=filter family=10 entries=4
Sep  6 15:23:06 localhost audit: NETFILTER_CFG table=mangle family=10 entries=6
Sep  6 15:23:06 localhost audit: NETFILTER_CFG table=raw family=10 entries=3
Sep  6 15:23:06 localhost audit: NETFILTER_CFG table=security family=10 entries=4
Sep  6 15:23:06 localhost audit: NETFILTER_CFG table=nat family=7 entries=0
Sep  6 15:23:06 localhost audit: NETFILTER_CFG table=nat family=7 entries=0
Sep  6 15:23:06 localhost audit: NETFILTER_CFG table=nat family=7 entries=0
Sep  6 15:23:06 localhost audit: NETFILTER_CFG table=broute family=7 entries=0
Sep  6 15:23:06 localhost audit: NETFILTER_CFG table=filter family=7 entries=0
Sep  6 15:23:06 localhost audit: NETFILTER_CFG table=filter family=7 entries=0
Sep  6 15:23:06 localhost audit: NETFILTER_CFG table=filter family=7 entries=0
Sep  6 15:23:06 localhost kernel: Ebtables v2.0 unregistered
Sep  6 15:23:06 localhost systemd: Stopped firewalld - dynamic firewall daemon.
Sep  6 15:23:06 localhost systemd: Stopping D-Bus System Message Bus...
Sep  6 15:23:06 localhost audit: SERVICE_STOP pid=1 uid=0 auid=4294967295 ses=4294967295 msg='unit=firewalld comm="systemd" exe="/usr/lib/systemd/systemd" hostname=? addr=? terminal=? res=success'
Sep  6 15:23:06 localhost systemd: Stopping Authorization Manager...
Sep  6 15:23:06 localhost systemd: Stopped D-Bus System Message Bus.
Sep  6 15:23:06 localhost audit: SERVICE_STOP pid=1 uid=0 auid=4294967295 ses=4294967295 msg='unit=dbus comm="systemd" exe="/usr/lib/systemd/systemd" hostname=? addr=? terminal=? res=success'
Sep  6 15:23:06 localhost systemd: Stopped Authorization Manager.
Sep  6 15:23:06 localhost audit: SERVICE_STOP pid=1 uid=0 auid=4294967295 ses=4294967295 msg='unit=polkit comm="systemd" exe="/usr/lib/systemd/systemd" hostname=? addr=? terminal=? res=success'
Sep  6 15:23:06 localhost kernel: audit_printk_skb: 165 callbacks suppressed
Sep  6 15:23:06 localhost kernel: audit: type=1131 audit(1473189786.883:384): pid=1 uid=0 auid=4294967295 ses=4294967295 msg='unit=dbus comm="systemd" exe="/usr/lib/systemd/systemd" hostname=? addr=? terminal=? res=success'
Sep  6 15:23:06 localhost kernel: audit: type=1131 audit(1473189786.883:385): pid=1 uid=0 auid=4294967295 ses=4294967295 msg='unit=polkit comm="systemd" exe="/usr/lib/systemd/systemd" hostname=? addr=? terminal=? res=success'
Sep  6 15:23:06 localhost systemd: Stopped target Basic System.
Sep  6 15:23:06 localhost systemd: Stopping Basic System.
Sep  6 15:23:06 localhost systemd: Unmounting Temporary Directory...
Sep  6 15:23:06 localhost systemd: Stopped target Slices.
Sep  6 15:23:06 localhost systemd: Stopping Slices.
Sep  6 15:23:06 localhost systemd: Removed slice User and Session Slice.
Sep  6 15:23:06 localhost systemd: Stopping User and Session Slice.
Sep  6 15:23:06 localhost systemd: Stopped target Paths.
Sep  6 15:23:06 localhost systemd: Stopping Paths.
Sep  6 15:23:06 localhost systemd: Stopped CUPS Scheduler.
Sep  6 15:23:06 localhost systemd: Stopping CUPS Scheduler.
Sep  6 15:23:06 localhost systemd: Stopped Forward Password Requests to Wall Directory Watch.
Sep  6 15:23:06 localhost systemd: Stopping Forward Password Requests to Wall Directory Watch.
Sep  6 15:23:06 localhost systemd: Stopped dnf makecache timer.
Sep  6 15:23:06 localhost systemd: Stopping dnf makecache timer.
Sep  6 15:23:06 localhost systemd: Stopped target Sockets.
Sep  6 15:23:06 localhost systemd: Stopping Sockets.
Sep  6 15:23:06 localhost systemd: Closed Avahi mDNS/DNS-SD Stack Activation Socket.
Sep  6 15:23:06 localhost systemd: Stopping Avahi mDNS/DNS-SD Stack Activation Socket.
Sep  6 15:23:06 localhost systemd: Closed Open-iSCSI iscsiuio Socket.
Sep  6 15:23:06 localhost systemd: Stopping Open-iSCSI iscsiuio Socket.
Sep  6 15:23:06 localhost systemd: Closed ACPID Listen Socket.
Sep  6 15:23:06 localhost systemd: Stopping ACPID Listen Socket.
Sep  6 15:23:06 localhost systemd: Closed PC/SC Smart Card Daemon Activation Socket.
Sep  6 15:23:06 localhost systemd: Stopping PC/SC Smart Card Daemon Activation Socket.
Sep  6 15:23:06 localhost systemd: Closed RPCbind Server Activation Socket.
Sep  6 15:23:06 localhost systemd: Stopping RPCbind Server Activation Socket.
Sep  6 15:23:06 localhost systemd: Stopped Forward Password Requests to Plymouth Directory Watch.
Sep  6 15:23:06 localhost systemd: Stopping Forward Password Requests to Plymouth Directory Watch.
Sep  6 15:23:06 localhost systemd: Closed D-Bus System Message Bus Socket.
Sep  6 15:23:06 localhost systemd: Stopping D-Bus System Message Bus Socket.
Sep  6 15:23:06 localhost systemd: Reached target Shutdown.
Sep  6 15:23:06 localhost systemd: Starting Shutdown.
Sep  6 15:23:06 localhost systemd: Unmounted Temporary Directory.
Sep  6 15:23:06 localhost systemd: Reached target Unmount All Filesystems.
Sep  6 15:23:06 localhost systemd: Starting Unmount All Filesystems.
Sep  6 15:23:06 localhost systemd: Reached target Final Step.
Sep  6 15:23:06 localhost systemd: Starting Final Step.
Sep  6 15:23:06 localhost systemd: Starting Power-Off...
Sep  6 15:23:06 localhost systemd: Shutting down.
Sep  6 15:23:06 localhost systemd-shutdown[1]: Sending SIGTERM to remaining processes...
Sep  6 15:23:06 localhost journal: Journal stopped
Sep  6 11:23:30 localhost journal: Runtime journal is using 8.0M (max allowed 393.1M, trying to leave 589.7M free of 3.8G available  current limit 393.1M).
Sep  6 11:23:30 localhost journal: Runtime journal is using 8.0M (max allowed 393.1M, trying to leave 589.7M free of 3.8G available  current limit 393.1M).
Sep  6 11:23:30 localhost kernel: microcode: microcode updated early to revision 0x29, date = 2013-06-12
Sep  6 11:23:30 localhost kernel: Linux version 4.6.4-201.fc23.x86_64 (mockbuild@bkernel01.phx2.fedoraproject.org) (gcc version 5.3.1 20160406 (Red Hat 5.3.1-6) (GCC) ) #1 SMP Tue Jul 12 11:43:59 UTC 2016
Sep  6 11:23:30 localhost kernel: Command line: BOOT_IMAGE=/vmlinuz-4.6.4-201.fc23.x86_64 achille=/dev/mapper/vg_sparta-lv_achille ro rd.lvm.lv=vg_sparta/lv_achille rd.md=0 rd.dm=0 KEYTABLE=us quiet SYSFONT=latarcyrheb-sun16 rhgb rd.luks=0 rd.lvm.lv=vg_sparta/lv_swap LANG=en_US.UTF-8
Sep  6 11:23:30 localhost kernel: x86/fpu: xstate_offset[2]:  576, xstate_sizes[2]:  256
Sep  6 11:23:30 localhost kernel: x86/fpu: Supporting XSAVE feature 0x001: 'x87 floating point registers'
Sep  6 11:23:30 localhost kernel: x86/fpu: Supporting XSAVE feature 0x002: 'SSE registers'
Sep  6 11:23:30 localhost kernel: x86/fpu: Supporting XSAVE feature 0x004: 'AVX registers'
Sep  6 11:23:30 localhost kernel: x86/fpu: Enabled xstate features 0x7, context size is 832 bytes, using 'standard' format.
Sep  6 11:23:30 localhost kernel: x86/fpu: Using 'eager' FPU context switches.
Sep  6 11:23:30 localhost kernel: e820: BIOS-provided physical RAM map:
Sep  6 11:23:30 localhost kernel: BIOS-e820: [mem 0x0000000000000000-0x00000000000913ff] usable
Sep  6 11:23:30 localhost kernel: BIOS-e820: [mem 0x0000000000091400-0x000000000009ffff] reserved
Sep  6 11:23:30 localhost kernel: BIOS-e820: [mem 0x00000000000e0000-0x00000000000fffff] reserved
Sep  6 11:23:30 localhost kernel: BIOS-e820: [mem 0x0000000000100000-0x000000001fffffff] usable
Sep  6 11:23:30 localhost kernel: BIOS-e820: [mem 0x0000000020000000-0x00000000201fffff] reserved
Sep  6 11:23:30 localhost kernel: BIOS-e820: [mem 0x0000000020200000-0x000000003fffffff] usable
Sep  6 11:23:30 localhost kernel: BIOS-e820: [mem 0x0000000040000000-0x00000000401fffff] reserved
Sep  6 11:23:30 localhost kernel: BIOS-e820: [mem 0x0000000040200000-0x00000000caa28fff] usable
Sep  6 11:23:30 localhost kernel: BIOS-e820: [mem 0x00000000caa29000-0x00000000caa6cfff] reserved
Sep  6 11:23:30 localhost kernel: BIOS-e820: [mem 0x00000000caa6d000-0x00000000cadb6fff] usable
Sep  6 11:23:30 localhost kernel: BIOS-e820: [mem 0x00000000cadb7000-0x00000000cade6fff] reserved
Sep  6 11:23:30 localhost kernel: BIOS-e820: [mem 0x00000000cade7000-0x00000000cafe6fff] ACPI NVS
Sep  6 11:23:30 localhost kernel: BIOS-e820: [mem 0x00000000cafe7000-0x00000000caffefff] ACPI data
Sep  6 11:23:30 localhost kernel: BIOS-e820: [mem 0x00000000cafff000-0x00000000caffffff] usable
Sep  6 11:23:30 localhost kernel: BIOS-e820: [mem 0x00000000cb800000-0x00000000cf9fffff] reserved
Sep  6 11:23:30 localhost kernel: BIOS-e820: [mem 0x00000000fed1c000-0x00000000fed1ffff] reserved
Sep  6 11:23:30 localhost kernel: BIOS-e820: [mem 0x00000000ffc00000-0x00000000ffc1ffff] reserved
Sep  6 11:23:30 localhost kernel: BIOS-e820: [mem 0x0000000100000000-0x000000022dffffff] usable
Sep  6 11:23:30 localhost kernel: NX (Execute Disable) protection: active
Sep  6 11:23:30 localhost kernel: SMBIOS 2.6 present.
Sep  6 11:23:30 localhost kernel: e820: last_pfn = 0x22e000 max_arch_pfn = 0x400000000
Sep  6 11:23:30 localhost kernel: x86/PAT: Configuration [0-7]: WB  WC  UC- UC  WB  WC  UC- WT  
Sep  6 11:23:30 localhost kernel: e820: last_pfn = 0xcb000 max_arch_pfn = 0x400000000
Sep  6 11:23:30 localhost kernel: found SMP MP-table at [mem 0x000f1c30-0x000f1c3f] mapped at [ffff8800000f1c30]
Sep  6 11:23:30 localhost kernel: RAMDISK: [mem 0x35a44000-0x36d19fff]
Sep  6 11:23:30 localhost kernel: ACPI: Early table checksum verification disabled
Sep  6 11:23:30 localhost kernel: ACPI: RSDP 0x00000000000FE300 000024 (v02 DELL  )
Sep  6 11:23:30 localhost kernel: ACPI: XSDT 0x00000000CAFFDE18 00007C (v01 DELL   CBX3     06222004 MSFT 00010013)
Sep  6 11:23:30 localhost kernel: ACPI: FACP 0x00000000CAF87D98 0000F4 (v04 DELL   CBX3     06222004 MSFT 00010013)
Sep  6 11:23:30 localhost kernel: ACPI: DSDT 0x00000000CAF66018 008461 (v02 INT430 SYSFexxx 00001001 INTL 20090903)
Sep  6 11:23:30 localhost kernel: ACPI: FACS 0x00000000CAFE4E40 000040
Sep  6 11:23:30 localhost kernel: ACPI: FACS 0x00000000CAFE4D40 000040
Sep  6 11:23:30 localhost kernel: ACPI: APIC 0x00000000CAFFCF18 0000CC (v02 DELL   CBX3     06222004 MSFT 00010013)
Sep  6 11:23:30 localhost kernel: ACPI: TCPA 0x00000000CAFE5D18 000032 (v02                 00000000      00000000)
Sep  6 11:23:30 localhost kernel: ACPI: SSDT 0x00000000CAF88A98 0002F9 (v01 DELLTP TPM      00003000 INTL 20090903)
Sep  6 11:23:30 localhost kernel: ACPI: MCFG 0x00000000CAFE5C98 00003C (v01 DELL   SNDYBRDG 06222004 MSFT 00000097)
Sep  6 11:23:30 localhost kernel: ACPI: HPET 0x00000000CAFE5C18 000038 (v01 A M I   PCHHPET 06222004 AMI. 00000003)
Sep  6 11:23:30 localhost kernel: ACPI: BOOT 0x00000000CAFE5B98 000028 (v01 DELL   CBX3     06222004 AMI  00010013)
Sep  6 11:23:30 localhost kernel: ACPI: SSDT 0x00000000CAF7D018 000846 (v01 PmRef  Cpu0Ist  00003000 INTL 20090903)
Sep  6 11:23:30 localhost kernel: ACPI: SSDT 0x00000000CAF7C018 000996 (v01 PmRef  CpuPm    00003000 INTL 20090903)
Sep  6 11:23:30 localhost kernel: ACPI: DMAR 0x00000000CAF87C18 0000E8 (v01 INTEL  SNB      00000001 INTL 00000001)
Sep  6 11:23:30 localhost kernel: ACPI: SLIC 0x00000000CAF86C18 000176 (v03 DELL   CBX3     06222004 MSFT 00010013)
Sep  6 11:23:30 localhost kernel: No NUMA configuration found
Sep  6 11:23:30 localhost kernel: Faking a node at [mem 0x0000000000000000-0x000000022dffffff]
Sep  6 11:23:30 localhost kernel: NODE_DATA(0) allocated [mem 0x22dfe1000-0x22dff7fff]
Sep  6 11:23:30 localhost kernel: Zone ranges:
Sep  6 11:23:30 localhost kernel:  DMA      [mem 0x0000000000001000-0x0000000000ffffff]
Sep  6 11:23:30 localhost kernel:  DMA32    [mem 0x0000000001000000-0x00000000ffffffff]
Sep  6 11:23:30 localhost kernel:  Normal   [mem 0x0000000100000000-0x000000022dffffff]
Sep  6 11:23:30 localhost kernel:  Device   empty
Sep  6 11:23:30 localhost kernel: Movable zone start for each node
Sep  6 11:23:30 localhost kernel: Early memory node ranges
Sep  6 11:23:30 localhost kernel:  node   0: [mem 0x0000000000001000-0x0000000000090fff]
Sep  6 11:23:30 localhost kernel:  node   0: [mem 0x0000000000100000-0x000000001fffffff]
Sep  6 11:23:30 localhost kernel:  node   0: [mem 0x0000000020200000-0x000000003fffffff]
Sep  6 11:23:30 localhost kernel:  node   0: [mem 0x0000000040200000-0x00000000caa28fff]
Sep  6 11:23:30 localhost kernel:  node   0: [mem 0x00000000caa6d000-0x00000000cadb6fff]
Sep  6 11:23:30 localhost kernel:  node   0: [mem 0x00000000cafff000-0x00000000caffffff]
Sep  6 11:23:30 localhost kernel:  node   0: [mem 0x0000000100000000-0x000000022dffffff]
Sep  6 11:23:30 localhost kernel: Initmem setup node 0 [mem 0x0000000000001000-0x000000022dffffff]
Sep  6 11:23:30 localhost kernel: Reserving Intel graphics stolen memory at 0xcba00000-0xcf9fffff
Sep  6 11:23:30 localhost kernel: ACPI: PM-Timer IO Port: 0x408
Sep  6 11:23:30 localhost kernel: IOAPIC[0]: apic_id 2, version 32, address 0xfec00000, GSI 0-23
Sep  6 11:23:30 localhost kernel: ACPI: INT_SRC_OVR (bus 0 bus_irq 0 global_irq 2 dfl dfl)
Sep  6 11:23:30 localhost kernel: ACPI: INT_SRC_OVR (bus 0 bus_irq 9 global_irq 9 high level)
Sep  6 11:23:30 localhost kernel: Using ACPI (MADT) for SMP configuration information
Sep  6 11:23:30 localhost kernel: ACPI: HPET id: 0x8086a701 base: 0xfed00000
Sep  6 11:23:30 localhost kernel: smpboot: Allowing 16 CPUs, 12 hotplug CPUs
Sep  6 11:23:30 localhost kernel: PM: Registered nosave memory: [mem 0x00000000-0x00000fff]
Sep  6 11:23:30 localhost kernel: PM: Registered nosave memory: [mem 0x00091000-0x00091fff]
Sep  6 11:23:30 localhost kernel: PM: Registered nosave memory: [mem 0x00092000-0x0009ffff]
Sep  6 11:23:30 localhost kernel: PM: Registered nosave memory: [mem 0x000a0000-0x000dffff]
Sep  6 11:23:30 localhost kernel: PM: Registered nosave memory: [mem 0x000e0000-0x000fffff]
Sep  6 11:23:30 localhost kernel: PM: Registered nosave memory: [mem 0x20000000-0x201fffff]
Sep  6 11:23:30 localhost kernel: PM: Registered nosave memory: [mem 0x40000000-0x401fffff]
Sep  6 11:23:30 localhost kernel: PM: Registered nosave memory: [mem 0xcaa29000-0xcaa6cfff]
Sep  6 11:23:30 localhost kernel: PM: Registered nosave memory: [mem 0xcadb7000-0xcade6fff]
Sep  6 11:23:30 localhost kernel: PM: Registered nosave memory: [mem 0xcade7000-0xcafe6fff]
Sep  6 11:23:30 localhost kernel: PM: Registered nosave memory: [mem 0xcafe7000-0xcaffefff]
Sep  6 11:23:30 localhost kernel: PM: Registered nosave memory: [mem 0xcb000000-0xcb7fffff]
Sep  6 11:23:30 localhost kernel: PM: Registered nosave memory: [mem 0xcb800000-0xcf9fffff]
Sep  6 11:23:30 localhost kernel: PM: Registered nosave memory: [mem 0xcfa00000-0xfed1bfff]
Sep  6 11:23:30 localhost kernel: PM: Registered nosave memory: [mem 0xfed1c000-0xfed1ffff]
Sep  6 11:23:30 localhost kernel: PM: Registered nosave memory: [mem 0xfed20000-0xffbfffff]
Sep  6 11:23:30 localhost kernel: PM: Registered nosave memory: [mem 0xffc00000-0xffc1ffff]
Sep  6 11:23:30 localhost kernel: PM: Registered nosave memory: [mem 0xffc20000-0xffffffff]
Sep  6 11:23:30 localhost kernel: e820: [mem 0xcfa00000-0xfed1bfff] available for PCI devices
Sep  6 11:23:30 localhost kernel: Booting paravirtualized kernel on bare hardware
Sep  6 11:23:30 localhost kernel: clocksource: refined-jiffies: mask: 0xffffffff max_cycles: 0xffffffff, max_idle_ns: 1910969940391419 ns
Sep  6 11:23:30 localhost kernel: setup_percpu: NR_CPUS:1024 nr_cpumask_bits:16 nr_cpu_ids:16 nr_node_ids:1
Sep  6 11:23:30 localhost kernel: percpu: Embedded 34 pages/cpu @ffff880225200000 s99096 r8192 d31976 u262144
Sep  6 11:23:30 localhost kernel: Built 1 zonelists in Node order, mobility grouping on.  Total pages: 2034254
Sep  6 11:23:30 localhost kernel: Policy zone: Normal
Sep  6 11:23:30 localhost kernel: Kernel command line: BOOT_IMAGE=/vmlinuz-4.6.4-201.fc23.x86_64 achille=/dev/mapper/vg_sparta-lv_achille ro rd.lvm.lv=vg_sparta/lv_achille rd.md=0 rd.dm=0 KEYTABLE=us quiet SYSFONT=latarcyrheb-sun16 rhgb rd.luks=0 rd.lvm.lv=vg_sparta/lv_swap LANG=en_US.UTF-8
Sep  6 11:23:30 localhost kernel: PID hash table entries: 4096 (order: 3, 32768 bytes)
Sep  6 11:23:30 localhost kernel: Memory: 8030428K/8266768K available (8060K kernel code, 1333K rwdata, 3256K rodata, 1568K init, 1540K bss, 236340K reserved, 0K cma-reserved)
Sep  6 11:23:30 localhost kernel: SLUB: HWalign=64, Order=0-3, MinObjects=0, CPUs=16, Nodes=1
Sep  6 11:23:30 localhost kernel: Hierarchical RCU implementation.
Sep  6 11:23:30 localhost kernel: #011Build-time adjustment of leaf fanout to 64.
Sep  6 11:23:30 localhost kernel: #011RCU restricting CPUs from NR_CPUS=1024 to nr_cpu_ids=16.
Sep  6 11:23:30 localhost kernel: RCU: Adjusting geometry for rcu_fanout_leaf=64, nr_cpu_ids=16
Sep  6 11:23:30 localhost kernel: NR_IRQS:65792 nr_irqs:552 16
Sep  6 11:23:30 localhost kernel: #011Offload RCU callbacks from all CPUs
Sep  6 11:23:30 localhost kernel: #011Offload RCU callbacks from CPUs: 0-15.
Sep  6 11:23:30 localhost kernel: Console: colour VGA+ 80x25
Sep  6 11:23:30 localhost kernel: console [tty0] enabled
Sep  6 11:23:30 localhost kernel: clocksource: hpet: mask: 0xffffffff max_cycles: 0xffffffff, max_idle_ns: 133484882848 ns
Sep  6 11:23:30 localhost kernel: tsc: Fast TSC calibration using PIT
Sep  6 11:23:30 localhost kernel: tsc: Detected 2693.861 MHz processor
Sep  6 11:23:30 localhost kernel: Calibrating delay loop (skipped), value calculated using timer frequency.. 5387.72 BogoMIPS (lpj=2693861)
Sep  6 11:23:30 localhost kernel: pid_max: default: 32768 minimum: 301
Sep  6 11:23:30 localhost kernel: ACPI: Core revision 20160108
Sep  6 11:23:30 localhost kernel: ACPI: 4 ACPI AML tables successfully acquired and loaded
Sep  6 11:23:30 localhost kernel: 
Sep  6 11:23:30 localhost kernel: Security Framework initialized
Sep  6 11:23:30 localhost kernel: Yama: becoming mindful.
Sep  6 11:23:30 localhost kernel: SELinux:  Initializing.
Sep  6 11:23:30 localhost kernel: Dentry cache hash table entries: 1048576 (order: 11, 8388608 bytes)
Sep  6 11:23:30 localhost kernel: Inode-cache hash table entries: 524288 (order: 10, 4194304 bytes)
Sep  6 11:23:30 localhost kernel: Mount-cache hash table entries: 16384 (order: 5, 131072 bytes)
Sep  6 11:23:30 localhost kernel: Mountpoint-cache hash table entries: 16384 (order: 5, 131072 bytes)
Sep  6 11:23:30 localhost kernel: CPU: Physical Processor ID: 0
Sep  6 11:23:30 localhost kernel: CPU: Processor Core ID: 0
Sep  6 11:23:30 localhost kernel: ENERGY_PERF_BIAS: Set to 'normal', was 'performance'
Sep  6 11:23:30 localhost kernel: ENERGY_PERF_BIAS: View and update with x86_energy_perf_policy(8)
Sep  6 11:23:30 localhost kernel: mce: CPU supports 7 MCE banks
Sep  6 11:23:30 localhost kernel: CPU0: Thermal monitoring enabled (TM1)
Sep  6 11:23:30 localhost kernel: process: using mwait in idle threads
Sep  6 11:23:30 localhost kernel: Last level iTLB entries: 4KB 512, 2MB 8, 4MB 8
Sep  6 11:23:30 localhost kernel: Last level dTLB entries: 4KB 512, 2MB 32, 4MB 32, 1GB 0
Sep  6 11:23:30 localhost kernel: Freeing SMP alternatives memory: 32K (ffffffff81ed7000 - ffffffff81edf000)
Sep  6 11:23:30 localhost kernel: ftrace: allocating 30244 entries in 119 pages
Sep  6 11:23:30 localhost kernel: smpboot: Max logical packages: 8
Sep  6 11:23:30 localhost kernel: smpboot: APIC(0) Converting physical 0 to logical package 0
Sep  6 11:23:30 localhost kernel: DMAR: Host address width 36
Sep  6 11:23:30 localhost kernel: DMAR: DRHD base: 0x000000fed90000 flags: 0x0
Sep  6 11:23:30 localhost kernel: DMAR: dmar0: reg_base_addr fed90000 ver 1:0 cap c0000020e60262 ecap f0101a
Sep  6 11:23:30 localhost kernel: DMAR: DRHD base: 0x000000fed91000 flags: 0x1
Sep  6 11:23:30 localhost kernel: DMAR: dmar1: reg_base_addr fed91000 ver 1:0 cap c9008020660262 ecap f0105a
Sep  6 11:23:30 localhost kernel: DMAR: RMRR base: 0x000000cadc6000 end: 0x000000cadd5fff
Sep  6 11:23:30 localhost kernel: DMAR: RMRR base: 0x000000cb800000 end: 0x000000cf9fffff
Sep  6 11:23:30 localhost kernel: DMAR-IR: IOAPIC id 2 under DRHD base  0xfed91000 IOMMU 1
Sep  6 11:23:30 localhost kernel: DMAR-IR: HPET id 0 under DRHD base 0xfed91000
Sep  6 11:23:30 localhost kernel: DMAR-IR: Queued invalidation will be enabled to support x2apic and Intr-remapping.
Sep  6 11:23:30 localhost kernel: DMAR-IR: Enabled IRQ remapping in x2apic mode
Sep  6 11:23:30 localhost kernel: x2apic enabled
Sep  6 11:23:30 localhost kernel: Switched APIC routing to cluster x2apic.
Sep  6 11:23:30 localhost kernel: ..TIMER: vector=0x30 apic1=0 pin1=2 apic2=-1 pin2=-1
Sep  6 11:23:30 localhost kernel: smpboot: CPU0: Intel(R) Core(TM) i7-2620M CPU @ 2.70GHz (family: 0x6, model: 0x2a, stepping: 0x7)
Sep  6 11:23:30 localhost kernel: Performance Events: PEBS fmt1+, 16-deep LBR, SandyBridge events, full-width counters, Intel PMU driver.
Sep  6 11:23:30 localhost kernel: ... version:                3
Sep  6 11:23:30 localhost kernel: ... bit width:              48
Sep  6 11:23:30 localhost kernel: ... generic registers:      4
Sep  6 11:23:30 localhost kernel: ... value mask:             0000ffffffffffff
Sep  6 11:23:30 localhost kernel: ... max period:             0000ffffffffffff
Sep  6 11:23:30 localhost kernel: ... fixed-purpose events:   3
Sep  6 11:23:30 localhost kernel: ... event mask:             000000070000000f
Sep  6 11:23:30 localhost kernel: NMI watchdog: enabled on all CPUs, permanently consumes one hw-PMU counter.
Sep  6 11:23:30 localhost kernel: x86: Booting SMP configuration:
Sep  6 11:23:30 localhost kernel: .... node  #0, CPUs:        #1  #2  #3
Sep  6 11:23:30 localhost kernel: x86: Booted up 1 node, 4 CPUs
Sep  6 11:23:30 localhost kernel: smpboot: Total of 4 processors activated (21564.82 BogoMIPS)
Sep  6 11:23:30 localhost kernel: devtmpfs: initialized
Sep  6 11:23:30 localhost kernel: x86/mm: Memory block size: 128MB
Sep  6 11:23:30 localhost kernel: PM: Registering ACPI NVS region [mem 0xcade7000-0xcafe6fff] (2097152 bytes)
Sep  6 11:23:30 localhost kernel: clocksource: jiffies: mask: 0xffffffff max_cycles: 0xffffffff, max_idle_ns: 1911260446275000 ns
Sep  6 11:23:30 localhost kernel: atomic64_test: passed for x86-64 platform with CX8 and with SSE
Sep  6 11:23:30 localhost kernel: pinctrl core: initialized pinctrl subsystem
Sep  6 11:23:30 localhost kernel: RTC time: 15:23:28, date: 09/06/16
Sep  6 11:23:30 localhost kernel: NET: Registered protocol family 16
Sep  6 11:23:30 localhost kernel: cpuidle: using governor menu
Sep  6 11:23:30 localhost kernel: Simple Boot Flag at 0xf3 set to 0x1
Sep  6 11:23:30 localhost kernel: ACPI FADT declares the system doesn't support PCIe ASPM, so disable it
Sep  6 11:23:30 localhost kernel: ACPI: bus type PCI registered
Sep  6 11:23:30 localhost kernel: acpiphp: ACPI Hot Plug PCI Controller Driver version: 0.5
Sep  6 11:23:30 localhost kernel: PCI: MMCONFIG for domain 0000 [bus 00-3f] at [mem 0xf8000000-0xfbffffff] (base 0xf8000000)
Sep  6 11:23:30 localhost kernel: PCI: not using MMCONFIG
Sep  6 11:23:30 localhost kernel: PCI: Using configuration type 1 for base access
Sep  6 11:23:30 localhost kernel: dmi type 0xB1 record - unknown flag
Sep  6 11:23:30 localhost kernel: core: PMU erratum BJ122, BV98, HSD29 worked around, HT is on
Sep  6 11:23:30 localhost kernel: HugeTLB registered 2 MB page size, pre-allocated 0 pages
Sep  6 11:23:30 localhost kernel: ACPI: Added _OSI(Module Device)
Sep  6 11:23:30 localhost kernel: ACPI: Added _OSI(Processor Device)
Sep  6 11:23:30 localhost kernel: ACPI: Added _OSI(3.0 _SCP Extensions)
Sep  6 11:23:30 localhost kernel: ACPI: Added _OSI(Processor Aggregator Device)
Sep  6 11:23:30 localhost kernel: [Firmware Bug]: ACPI: BIOS _OSI(Linux) query ignored
Sep  6 11:23:30 localhost kernel: ACPI: Dynamic OEM Table Load:
Sep  6 11:23:30 localhost kernel: ACPI: SSDT 0xFFFF880223451800 000727 (v01 PmRef  Cpu0Cst  00003001 INTL 20090903)
Sep  6 11:23:30 localhost kernel: ACPI: Dynamic OEM Table Load:
Sep  6 11:23:30 localhost kernel: ACPI: SSDT 0xFFFF880223691400 000303 (v01 PmRef  ApIst    00003000 INTL 20090903)
Sep  6 11:23:30 localhost kernel: ACPI: Dynamic OEM Table Load:
Sep  6 11:23:30 localhost kernel: ACPI: SSDT 0xFFFF880223661000 000119 (v01 PmRef  ApCst    00003000 INTL 20090903)
Sep  6 11:23:30 localhost kernel: ACPI : EC: EC started
Sep  6 11:23:30 localhost kernel: ACPI: Interpreter enabled
Sep  6 11:23:30 localhost kernel: ACPI: (supports S0 S3 S4 S5)
Sep  6 11:23:30 localhost kernel: ACPI: Using IOAPIC for interrupt routing
Sep  6 11:23:30 localhost kernel: PCI: MMCONFIG for domain 0000 [bus 00-3f] at [mem 0xf8000000-0xfbffffff] (base 0xf8000000)
Sep  6 11:23:30 localhost kernel: PCI: MMCONFIG at [mem 0xf8000000-0xfbffffff] reserved in ACPI motherboard resources
Sep  6 11:23:30 localhost kernel: PCI: Using host bridge windows from ACPI; if necessary, use "pci=nocrs" and report a bug
Sep  6 11:23:30 localhost kernel: ACPI: PCI Root Bridge [PCI0] (domain 0000 [bus 00-3e])
Sep  6 11:23:30 localhost kernel: acpi PNP0A08:00: _OSC: OS supports [ExtendedConfig ASPM ClockPM Segments MSI]
Sep  6 11:23:30 localhost kernel: acpi PNP0A08:00: _OSC failed (AE_ERROR); disabling ASPM
Sep  6 11:23:30 localhost kernel: PCI host bridge to bus 0000:00
Sep  6 11:23:30 localhost kernel: pci_bus 0000:00: achille bus resource [io  0x0000-0x0cf7 window]
Sep  6 11:23:30 localhost kernel: pci_bus 0000:00: achille bus resource [io  0x0d00-0xffff window]
Sep  6 11:23:30 localhost kernel: pci_bus 0000:00: achille bus resource [mem 0x000a0000-0x000bffff window]
Sep  6 11:23:30 localhost kernel: pci_bus 0000:00: achille bus resource [mem 0xcfa00000-0xfeafffff window]
Sep  6 11:23:30 localhost kernel: pci_bus 0000:00: achille bus resource [mem 0xfed40000-0xfed44fff window]
Sep  6 11:23:30 localhost kernel: pci_bus 0000:00: achille bus resource [bus 00-3e]
Sep  6 11:23:30 localhost kernel: pci 0000:00:19.0: System wakeup disabled by ACPI
Sep  6 11:23:30 localhost kernel: pci 0000:00:1a.0: System wakeup disabled by ACPI
Sep  6 11:23:30 localhost kernel: pci 0000:00:1b.0: System wakeup disabled by ACPI
Sep  6 11:23:30 localhost kernel: pci 0000:00:1c.0: System wakeup disabled by ACPI
Sep  6 11:23:30 localhost kernel: pci 0000:00:1c.1: System wakeup disabled by ACPI
Sep  6 11:23:30 localhost kernel: pci 0000:00:1c.2: System wakeup disabled by ACPI
Sep  6 11:23:30 localhost kernel: pci 0000:00:1c.5: System wakeup disabled by ACPI
Sep  6 11:23:30 localhost kernel: pci 0000:00:1d.0: System wakeup disabled by ACPI
Sep  6 11:23:30 localhost kernel: pci 0000:00:1c.0: PCI bridge to [bus 01]
Sep  6 11:23:30 localhost kernel: pci 0000:02:00.0: System wakeup disabled by ACPI
Sep  6 11:23:30 localhost kernel: pci 0000:00:1c.1: PCI bridge to [bus 02]
Sep  6 11:23:30 localhost kernel: acpiphp: Slot [1] registered
Sep  6 11:23:30 localhost kernel: pci 0000:00:1c.2: PCI bridge to [bus 03-08]
Sep  6 11:23:30 localhost kernel: pci 0000:09:00.0: System wakeup disabled by ACPI
Sep  6 11:23:30 localhost kernel: pci 0000:00:1c.5: PCI bridge to [bus 09]
Sep  6 11:23:30 localhost kernel: ACPI: PCI Interrupt Link [LNKA] (IRQs 1 3 4 5 6 7 10 12 14 15) *11
Sep  6 11:23:30 localhost kernel: ACPI: PCI Interrupt Link [LNKB] (IRQs 1 3 4 5 6 7 11 12 14 15) *10
Sep  6 11:23:30 localhost kernel: ACPI: PCI Interrupt Link [LNKC] (IRQs 1 3 4 5 6 7 10 12 14 15) *11
Sep  6 11:23:30 localhost kernel: ACPI: PCI Interrupt Link [LNKD] (IRQs 1 3 4 5 6 7 11 12 14 15) *0, disabled.
Sep  6 11:23:30 localhost kernel: ACPI: PCI Interrupt Link [LNKE] (IRQs 1 3 4 *5 6 7 10 12 14 15)
Sep  6 11:23:30 localhost kernel: ACPI: PCI Interrupt Link [LNKF] (IRQs 1 3 4 5 6 7 11 12 14 15) *0, disabled.
Sep  6 11:23:30 localhost kernel: ACPI: PCI Interrupt Link [LNKG] (IRQs 1 *3 4 5 6 7 10 12 14 15)
Sep  6 11:23:30 localhost kernel: ACPI: PCI Interrupt Link [LNKH] (IRQs 1 3 4 5 6 7 11 12 14 15) *0, disabled.
Sep  6 11:23:30 localhost kernel: ACPI: Enabled 2 GPEs in block 00 to 3F
Sep  6 11:23:30 localhost kernel: ACPI : EC: GPE = 0x10, I/O: command/status = 0x934, data = 0x930
Sep  6 11:23:30 localhost kernel: vgaarb: setting as boot device: PCI:0000:00:02.0
Sep  6 11:23:30 localhost kernel: vgaarb: device added: PCI:0000:00:02.0,decodes=io+mem,owns=io+mem,locks=none
Sep  6 11:23:30 localhost kernel: vgaarb: loaded
Sep  6 11:23:30 localhost kernel: vgaarb: bridge control possible 0000:00:02.0
Sep  6 11:23:30 localhost kernel: SCSI subsystem initialized
Sep  6 11:23:30 localhost kernel: ACPI: bus type USB registered
Sep  6 11:23:30 localhost kernel: usbcore: registered new interface driver usbfs
Sep  6 11:23:30 localhost kernel: usbcore: registered new interface driver hub
Sep  6 11:23:30 localhost kernel: usbcore: registered new device driver usb
Sep  6 11:23:30 localhost kernel: PCI: Using ACPI for IRQ routing
Sep  6 11:23:30 localhost kernel: NetLabel: Initializing
Sep  6 11:23:30 localhost kernel: NetLabel:  domain hash size = 128
Sep  6 11:23:30 localhost kernel: NetLabel:  protocols = UNLABELED CIPSOv4
Sep  6 11:23:30 localhost kernel: NetLabel:  unlabeled traffic allowed by default
Sep  6 11:23:30 localhost kernel: hpet0: at MMIO 0xfed00000, IRQs 2, 8, 0, 0, 0, 0, 0, 0
Sep  6 11:23:30 localhost kernel: hpet0: 8 comparators, 64-bit 14.318180 MHz counter
Sep  6 11:23:30 localhost kernel: clocksource: Switched to clocksource hpet
Sep  6 11:23:30 localhost kernel: VFS: Disk quotas dquot_6.6.0
Sep  6 11:23:30 localhost kernel: VFS: Dquot-cache hash table entries: 512 (order 0, 4096 bytes)
Sep  6 11:23:30 localhost kernel: pnp: PnP ACPI init
Sep  6 11:23:30 localhost kernel: system 00:00: [mem 0xfed00000-0xfed003ff] has been reserved
Sep  6 11:23:30 localhost kernel: system 00:01: [io  0x0680-0x069f] has been reserved
Sep  6 11:23:30 localhost kernel: system 00:01: [io  0x1000-0x100f] has been reserved
Sep  6 11:23:30 localhost kernel: system 00:01: [io  0xffff] has been reserved
Sep  6 11:23:30 localhost kernel: system 00:01: [io  0xffff] has been reserved
Sep  6 11:23:30 localhost kernel: system 00:01: [io  0x0400-0x047f] could not be reserved
Sep  6 11:23:30 localhost kernel: system 00:01: [io  0x0500-0x057f] has been reserved
Sep  6 11:23:30 localhost kernel: system 00:01: [io  0x164e-0x164f] has been reserved
Sep  6 11:23:30 localhost kernel: system 00:06: [mem 0xfed1c000-0xfed1ffff] has been reserved
Sep  6 11:23:30 localhost kernel: system 00:06: [mem 0xfed10000-0xfed17fff] has been reserved
Sep  6 11:23:30 localhost kernel: system 00:06: [mem 0xfed18000-0xfed18fff] has been reserved
Sep  6 11:23:30 localhost kernel: system 00:06: [mem 0xfed19000-0xfed19fff] has been reserved
Sep  6 11:23:30 localhost kernel: system 00:06: [mem 0xf8000000-0xfbffffff] has been reserved
Sep  6 11:23:30 localhost kernel: system 00:06: [mem 0xfed20000-0xfed3ffff] has been reserved
Sep  6 11:23:30 localhost kernel: system 00:06: [mem 0xfed90000-0xfed93fff] could not be reserved
Sep  6 11:23:30 localhost kernel: system 00:06: [mem 0xfed45000-0xfed8ffff] has been reserved
Sep  6 11:23:30 localhost kernel: system 00:06: [mem 0xff000000-0xffffffff] could not be reserved
Sep  6 11:23:30 localhost kernel: system 00:06: [mem 0xfee00000-0xfeefffff] has been reserved
Sep  6 11:23:30 localhost kernel: system 00:07: [mem 0x20000000-0x201fffff] has been reserved
Sep  6 11:23:30 localhost kernel: system 00:07: [mem 0x40000000-0x401fffff] has been reserved
Sep  6 11:23:30 localhost kernel: pnp: PnP ACPI: found 8 devices
Sep  6 11:23:30 localhost kernel: clocksource: acpi_pm: mask: 0xffffff max_cycles: 0xffffff, max_idle_ns: 2085701024 ns
Sep  6 11:23:30 localhost kernel: pci 0000:00:1c.0: PCI bridge to [bus 01]
Sep  6 11:23:30 localhost kernel: pci 0000:00:1c.1: PCI bridge to [bus 02]
Sep  6 11:23:30 localhost kernel: pci 0000:00:1c.1:   bridge window [mem 0xe1b00000-0xe1bfffff]
Sep  6 11:23:30 localhost kernel: pci 0000:00:1c.2: PCI bridge to [bus 03-08]
Sep  6 11:23:30 localhost kernel: pci 0000:00:1c.2:   bridge window [io  0x2000-0x2fff]
Sep  6 11:23:30 localhost kernel: pci 0000:00:1c.2:   bridge window [mem 0xe1000000-0xe19fffff]
Sep  6 11:23:30 localhost kernel: pci 0000:00:1c.2:   bridge window [mem 0xe0000000-0xe09fffff 64bit pref]
Sep  6 11:23:30 localhost kernel: pci 0000:00:1c.5: PCI bridge to [bus 09]
Sep  6 11:23:30 localhost kernel: pci 0000:00:1c.5:   bridge window [mem 0xe1a00000-0xe1afffff]
Sep  6 11:23:30 localhost kernel: NET: Registered protocol family 2
Sep  6 11:23:30 localhost kernel: TCP established hash table entries: 65536 (order: 7, 524288 bytes)
Sep  6 11:23:30 localhost kernel: TCP bind hash table entries: 65536 (order: 8, 1048576 bytes)
Sep  6 11:23:30 localhost kernel: TCP: Hash tables configured (established 65536 bind 65536)
Sep  6 11:23:30 localhost kernel: UDP hash table entries: 4096 (order: 5, 131072 bytes)
Sep  6 11:23:30 localhost kernel: UDP-Lite hash table entries: 4096 (order: 5, 131072 bytes)
